Archive member included to satisfy reference by file (symbol)

C:/Users/steka/Desktop/Stuff/STM32CubeIDE_1.14.1/STM32CubeIDE/plugins/com.st.stm32cube.ide.mcu.externaltools.gnu-tools-for-stm32.11.3.rel1.win32_1.1.100.202309141235/tools/bin/../lib/gcc/arm-none-eabi/11.3.1/../../../../arm-none-eabi/lib/thumb/v7e-m+fp/hard\libc_nano.a(libc_a-exit.o)
                              C:/Users/steka/Desktop/Stuff/STM32CubeIDE_1.14.1/STM32CubeIDE/plugins/com.st.stm32cube.ide.mcu.externaltools.gnu-tools-for-stm32.11.3.rel1.win32_1.1.100.202309141235/tools/bin/../lib/gcc/arm-none-eabi/11.3.1/../../../../arm-none-eabi/lib/thumb/v7e-m+fp/hard/crt0.o (exit)
C:/Users/steka/Desktop/Stuff/STM32CubeIDE_1.14.1/STM32CubeIDE/plugins/com.st.stm32cube.ide.mcu.externaltools.gnu-tools-for-stm32.11.3.rel1.win32_1.1.100.202309141235/tools/bin/../lib/gcc/arm-none-eabi/11.3.1/../../../../arm-none-eabi/lib/thumb/v7e-m+fp/hard\libc_nano.a(libc_a-findfp.o)
                              C:/Users/steka/Desktop/Stuff/STM32CubeIDE_1.14.1/STM32CubeIDE/plugins/com.st.stm32cube.ide.mcu.externaltools.gnu-tools-for-stm32.11.3.rel1.win32_1.1.100.202309141235/tools/bin/../lib/gcc/arm-none-eabi/11.3.1/../../../../arm-none-eabi/lib/thumb/v7e-m+fp/hard\libc_nano.a(libc_a-exit.o) (__stdio_exit_handler)
C:/Users/steka/Desktop/Stuff/STM32CubeIDE_1.14.1/STM32CubeIDE/plugins/com.st.stm32cube.ide.mcu.externaltools.gnu-tools-for-stm32.11.3.rel1.win32_1.1.100.202309141235/tools/bin/../lib/gcc/arm-none-eabi/11.3.1/../../../../arm-none-eabi/lib/thumb/v7e-m+fp/hard\libc_nano.a(libc_a-fwalk.o)
                              C:/Users/steka/Desktop/Stuff/STM32CubeIDE_1.14.1/STM32CubeIDE/plugins/com.st.stm32cube.ide.mcu.externaltools.gnu-tools-for-stm32.11.3.rel1.win32_1.1.100.202309141235/tools/bin/../lib/gcc/arm-none-eabi/11.3.1/../../../../arm-none-eabi/lib/thumb/v7e-m+fp/hard\libc_nano.a(libc_a-findfp.o) (_fwalk_sglue)
C:/Users/steka/Desktop/Stuff/STM32CubeIDE_1.14.1/STM32CubeIDE/plugins/com.st.stm32cube.ide.mcu.externaltools.gnu-tools-for-stm32.11.3.rel1.win32_1.1.100.202309141235/tools/bin/../lib/gcc/arm-none-eabi/11.3.1/../../../../arm-none-eabi/lib/thumb/v7e-m+fp/hard\libc_nano.a(libc_a-sprintf.o)
                              ./Core/Src/main.o (sprintf)
C:/Users/steka/Desktop/Stuff/STM32CubeIDE_1.14.1/STM32CubeIDE/plugins/com.st.stm32cube.ide.mcu.externaltools.gnu-tools-for-stm32.11.3.rel1.win32_1.1.100.202309141235/tools/bin/../lib/gcc/arm-none-eabi/11.3.1/../../../../arm-none-eabi/lib/thumb/v7e-m+fp/hard\libc_nano.a(libc_a-stdio.o)
                              C:/Users/steka/Desktop/Stuff/STM32CubeIDE_1.14.1/STM32CubeIDE/plugins/com.st.stm32cube.ide.mcu.externaltools.gnu-tools-for-stm32.11.3.rel1.win32_1.1.100.202309141235/tools/bin/../lib/gcc/arm-none-eabi/11.3.1/../../../../arm-none-eabi/lib/thumb/v7e-m+fp/hard\libc_nano.a(libc_a-findfp.o) (__sread)
C:/Users/steka/Desktop/Stuff/STM32CubeIDE_1.14.1/STM32CubeIDE/plugins/com.st.stm32cube.ide.mcu.externaltools.gnu-tools-for-stm32.11.3.rel1.win32_1.1.100.202309141235/tools/bin/../lib/gcc/arm-none-eabi/11.3.1/../../../../arm-none-eabi/lib/thumb/v7e-m+fp/hard\libc_nano.a(libc_a-memset.o)
                              C:/Users/steka/Desktop/Stuff/STM32CubeIDE_1.14.1/STM32CubeIDE/plugins/com.st.stm32cube.ide.mcu.externaltools.gnu-tools-for-stm32.11.3.rel1.win32_1.1.100.202309141235/tools/bin/../lib/gcc/arm-none-eabi/11.3.1/../../../../arm-none-eabi/lib/thumb/v7e-m+fp/hard/crt0.o (memset)
C:/Users/steka/Desktop/Stuff/STM32CubeIDE_1.14.1/STM32CubeIDE/plugins/com.st.stm32cube.ide.mcu.externaltools.gnu-tools-for-stm32.11.3.rel1.win32_1.1.100.202309141235/tools/bin/../lib/gcc/arm-none-eabi/11.3.1/../../../../arm-none-eabi/lib/thumb/v7e-m+fp/hard\libc_nano.a(libc_a-closer.o)
                              C:/Users/steka/Desktop/Stuff/STM32CubeIDE_1.14.1/STM32CubeIDE/plugins/com.st.stm32cube.ide.mcu.externaltools.gnu-tools-for-stm32.11.3.rel1.win32_1.1.100.202309141235/tools/bin/../lib/gcc/arm-none-eabi/11.3.1/../../../../arm-none-eabi/lib/thumb/v7e-m+fp/hard\libc_nano.a(libc_a-stdio.o) (_close_r)
C:/Users/steka/Desktop/Stuff/STM32CubeIDE_1.14.1/STM32CubeIDE/plugins/com.st.stm32cube.ide.mcu.externaltools.gnu-tools-for-stm32.11.3.rel1.win32_1.1.100.202309141235/tools/bin/../lib/gcc/arm-none-eabi/11.3.1/../../../../arm-none-eabi/lib/thumb/v7e-m+fp/hard\libc_nano.a(libc_a-reent.o)
                              C:/Users/steka/Desktop/Stuff/STM32CubeIDE_1.14.1/STM32CubeIDE/plugins/com.st.stm32cube.ide.mcu.externaltools.gnu-tools-for-stm32.11.3.rel1.win32_1.1.100.202309141235/tools/bin/../lib/gcc/arm-none-eabi/11.3.1/../../../../arm-none-eabi/lib/thumb/v7e-m+fp/hard\libc_nano.a(libc_a-closer.o) (errno)
C:/Users/steka/Desktop/Stuff/STM32CubeIDE_1.14.1/STM32CubeIDE/plugins/com.st.stm32cube.ide.mcu.externaltools.gnu-tools-for-stm32.11.3.rel1.win32_1.1.100.202309141235/tools/bin/../lib/gcc/arm-none-eabi/11.3.1/../../../../arm-none-eabi/lib/thumb/v7e-m+fp/hard\libc_nano.a(libc_a-impure.o)
[...]
Memory Configuration

Name             Origin             Length             Attributes
RAM              0x0000000020000000 0x0000000000018000 xrw
FLASH            0x0000000008000000 0x0000000000080000 xr
*default*        0x0000000000000000 0xffffffffffffffff

Linker script and memory map

LOAD C:/Users/steka/Desktop/Stuff/STM32CubeIDE_1.14.1/STM32CubeIDE/plugins/com.st.stm32cube.ide.mcu.externaltools.gnu-tools-for-stm32.11.3.rel1.win32_1.1.100.202309141235/tools/bin/../lib/gcc/arm-none-eabi/11.3.1/thumb/v7e-m+fp/hard/crti.o
LOAD C:/Users/steka/Desktop/Stuff/STM32CubeIDE_1.14.1/STM32CubeIDE/plugins/com.st.stm32cube.ide.mcu.externaltools.gnu-tools-for-stm32.11.3.rel1.win32_1.1.100.202309141235/tools/bin/../lib/gcc/arm-none-eabi/11.3.1/thumb/v7e-m+fp/hard/crtbegin.o
LOAD C:/Users/steka/Desktop/Stuff/STM32CubeIDE_1.14.1/STM32CubeIDE/plugins/com.st.stm32cube.ide.mcu.externaltools.gnu-tools-for-stm32.11.3.rel1.win32_1.1.100.202309141235/tools/bin/../lib/gcc/arm-none-eabi/11.3.1/../../../../arm-none-eabi/lib/thumb/v7e-m+fp/hard/crt0.o
LOAD ./Core/Src/main.o
LOAD ./Core/Src/stm32f4xx_hal_msp.o
LOAD ./Core/Src/stm32f4xx_it.o
LOAD ./Core/Src/syscalls.o
LOAD ./Core/Src/sysmem.o
LOAD ./Core/Src/system_stm32f4xx.o
LOAD ./Core/Startup/startup_stm32f401retx.o
LOAD ./Drivers/STM32F4xx_HAL_Driver/Src/stm32f4xx_hal.o
LOAD ./Drivers/STM32F4xx_HAL_Driver/Src/stm32f4xx_hal_cortex.o
LOAD ./Drivers/STM32F4xx_HAL_Driver/Src/stm32f4xx_hal_dma.o
LOAD ./Drivers/STM32F4xx_HAL_Driver/Src/stm32f4xx_hal_dma_ex.o
LOAD ./Drivers/STM32F4xx_HAL_Driver/Src/stm32f4xx_hal_exti.o
LOAD ./Drivers/STM32F4xx_HAL_Driver/Src/stm32f4xx_hal_flash.o
LOAD ./Drivers/STM32F4xx_HAL_Driver/Src/stm32f4xx_hal_flash_ex.o
LOAD ./Drivers/STM32F4xx_HAL_Driver/Src/stm32f4xx_hal_flash_ramfunc.o
LOAD ./Drivers/STM32F4xx_HAL_Driver/Src/stm32f4xx_hal_gpio.o
LOAD ./Drivers/STM32F4xx_HAL_Driver/Src/stm32f4xx_hal_pwr.o
LOAD ./Drivers/STM32F4xx_HAL_Driver/Src/stm32f4xx_hal_pwr_ex.o
LOAD ./Drivers/STM32F4xx_HAL_Driver/Src/stm32f4xx_hal_rcc.o
LOAD ./Drivers/STM32F4xx_HAL_Driver/Src/stm32f4xx_hal_rcc_ex.o
LOAD ./Drivers/STM32F4xx_HAL_Driver/Src/stm32f4xx_hal_spi.o
LOAD ./Drivers/STM32F4xx_HAL_Driver/Src/stm32f4xx_hal_tim.o
LOAD ./Drivers/STM32F4xx_HAL_Driver/Src/stm32f4xx_hal_tim_ex.o
LOAD ./Drivers/STM32F4xx_HAL_Driver/Src/stm32f4xx_hal_uart.o
LOAD ./FATFS/App/fatfs.o
LOAD ./FATFS/Target/user_diskio.o
LOAD ./FATFS/Target/user_diskio_spi.o
LOAD ./Middlewares/Third_Party/FatFs/src/diskio.o
LOAD ./Middlewares/Third_Party/FatFs/src/ff.o
LOAD ./Middlewares/Third_Party/FatFs/src/ff_gen_drv.o
LOAD ./Middlewares/Third_Party/FatFs/src/option/syscall.o
START GROUP
LOAD C:/Users/steka/Desktop/Stuff/STM32CubeIDE_1.14.1/STM32CubeIDE/plugins/com.st.stm32cube.ide.mcu.externaltools.gnu-tools-for-stm32.11.3.rel1.win32_1.1.100.202309141235/tools/bin/../lib/gcc/arm-none-eabi/11.3.1/../../../../arm-none-eabi/lib/thumb/v7e-m+fp/hard\libc_nano.a
LOAD C:/Users/steka/Desktop/Stuff/STM32CubeIDE_1.14.1/STM32CubeIDE/plugins/com.st.stm32cube.ide.mcu.externaltools.gnu-tools-for-stm32.11.3.rel1.win32_1.1.100.202309141235/tools/bin/../lib/gcc/arm-none-eabi/11.3.1/../../../../arm-none-eabi/lib/thumb/v7e-m+fp/hard\libm.a
END GROUP
START GROUP
LOAD C:/Users/steka/Desktop/Stuff/STM32CubeIDE_1.14.1/STM32CubeIDE/plugins/com.st.stm32cube.ide.mcu.externaltools.gnu-tools-for-stm32.11.3.rel1.win32_1.1.100.202309141235/tools/bin/../lib/gcc/arm-none-eabi/11.3.1/thumb/v7e-m+fp/hard\libgcc.a
LOAD C:/Users/steka/Desktop/Stuff/STM32CubeIDE_1.14.1/STM32CubeIDE/plugins/com.st.stm32cube.ide.mcu.externaltools.gnu-tools-for-stm32.11.3.rel1.win32_1.1.100.202309141235/tools/bin/../lib/gcc/arm-none-eabi/11.3.1/../../../../arm-none-eabi/lib/thumb/v7e-m+fp/hard\libc_nano.a
END GROUP
START GROUP
LOAD C:/Users/steka/Desktop/Stuff/STM32CubeIDE_1.14.1/STM32CubeIDE/plugins/com.st.stm32cube.ide.mcu.externaltools.gnu-tools-for-stm32.11.3.rel1.win32_1.1.100.202309141235/tools/bin/../lib/gcc/arm-none-eabi/11.3.1/thumb/v7e-m+fp/hard\libgcc.a
LOAD C:/Users/steka/Desktop/Stuff/STM32CubeIDE_1.14.1/STM32CubeIDE/plugins/com.st.stm32cube.ide.mcu.externaltools.gnu-tools-for-stm32.11.3.rel1.win32_1.1.100.202309141235/tools/bin/../lib/gcc/arm-none-eabi/11.3.1/../../../../arm-none-eabi/lib/thumb/v7e-m+fp/hard\libc_nano.a
LOAD C:/Users/steka/Desktop/Stuff/STM32CubeIDE_1.14.1/STM32CubeIDE/plugins/com.st.stm32cube.ide.mcu.externaltools.gnu-tools-for-stm32.11.3.rel1.win32_1.1.100.202309141235/tools/bin/../lib/gcc/arm-none-eabi/11.3.1/../../../../arm-none-eabi/lib/thumb/v7e-m+fp/hard\libnosys.a
END GROUP
START GROUP
LOAD C:/Users/steka/Desktop/Stuff/STM32CubeIDE_1.14.1/STM32CubeIDE/plugins/com.st.stm32cube.ide.mcu.externaltools.gnu-tools-for-stm32.11.3.rel1.win32_1.1.100.202309141235/tools/bin/../lib/gcc/arm-none-eabi/11.3.1/thumb/v7e-m+fp/hard\libgcc.a
LOAD C:/Users/steka/Desktop/Stuff/STM32CubeIDE_1.14.1/STM32CubeIDE/plugins/com.st.stm32cube.ide.mcu.externaltools.gnu-tools-for-stm32.11.3.rel1.win32_1.1.100.202309141235/tools/bin/../lib/gcc/arm-none-eabi/11.3.1/../../../../arm-none-eabi/lib/thumb/v7e-m+fp/hard\libc_nano.a
LOAD C:/Users/steka/Desktop/Stuff/STM32CubeIDE_1.14.1/STM32CubeIDE/plugins/com.st.stm32cube.ide.mcu.externaltools.gnu-tools-for-stm32.11.3.rel1.win32_1.1.100.202309141235/tools/bin/../lib/gcc/arm-none-eabi/11.3.1/../../../../arm-none-eabi/lib/thumb/v7e-m+fp/hard\libnosys.a
END GROUP
LOAD C:/Users/steka/Desktop/Stuff/STM32CubeIDE_1.14.1/STM32CubeIDE/plugins/com.st.stm32cube.ide.mcu.externaltools.gnu-tools-for-stm32.11.3.rel1.win32_1.1.100.202309141235/tools/bin/../lib/gcc/arm-none-eabi/11.3.1/thumb/v7e-m+fp/hard/crtend.o
LOAD C:/Users/steka/Desktop/Stuff/STM32CubeIDE_1.14.1/STM32CubeIDE/plugins/com.st.stm32cube.ide.mcu.externaltools.gnu-tools-for-stm32.11.3.rel1.win32_1.1.100.202309141235/tools/bin/../lib/gcc/arm-none-eabi/11.3.1/thumb/v7e-m+fp/hard/crtn.o
                0x0000000020018000                _estack = (ORIGIN (RAM) + LENGTH (RAM))
                0x0000000000000200                _Min_Heap_Size = 0x200
                0x0000000000000400                _Min_Stack_Size = 0x400

.isr_vector     0x0000000008000000      0x194
                0x0000000008000000                . = ALIGN (0x4)
 *(.isr_vector)
 .isr_vector    0x0000000008000000      0x194 ./Core/Startup/startup_stm32f401retx.o
                0x0000000008000000                g_pfnVectors
                0x0000000008000194                . = ALIGN (0x4)

.text           0x00000000080001a0     0x7044
                0x00000000080001a0                . = ALIGN (0x4)
 *(.text)
 .text          0x00000000080001a0       0x40 C:/Users/steka/Desktop/Stuff/STM32CubeIDE_1.14.1/STM32CubeIDE/plugins/com.st.stm32cube.ide.mcu.externaltools.gnu-tools-for-stm32.11.3.rel1.win32_1.1.100.202309141235/tools/bin/../lib/gcc/arm-none-eabi/11.3.1/thumb/v7e-m+fp/hard/crtbegin.o
 .text          0x00000000080001e0       0x10 C:/Users/steka/Desktop/Stuff/STM32CubeIDE_1.14.1/STM32CubeIDE/plugins/com.st.stm32cube.ide.mcu.externaltools.gnu-tools-for-stm32.11.3.rel1.win32_1.1.100.202309141235/tools/bin/../lib/gcc/arm-none-eabi/11.3.1/../../../../arm-none-eabi/lib/thumb/v7e-m+fp/hard\libc_nano.a(libc_a-strlen.o)
                0x00000000080001e0                strlen
 .text          0x00000000080001f0       0xa0 C:/Users/steka/Desktop/Stuff/STM32CubeIDE_1.14.1/STM32CubeIDE/plugins/com.st.stm32cube.ide.mcu.externaltools.gnu-tools-for-stm32.11.3.rel1.win32_1.1.100.202309141235/tools/bin/../lib/gcc/arm-none-eabi/11.3.1/../../../../arm-none-eabi/lib/thumb/v7e-m+fp/hard\libc_nano.a(libc_a-memchr.o)
                0x00000000080001f0                memchr
 .text          0x0000000008000290       0x30 C:/Users/steka/Desktop/Stuff/STM32CubeIDE_1.14.1/STM32CubeIDE/plugins/com.st.stm32cube.ide.mcu.externaltools.gnu-tools-for-stm32.11.3.rel1.win32_1.1.100.202309141235/tools/bin/../lib/gcc/arm-none-eabi/11.3.1/thumb/v7e-m+fp/hard\libgcc.a(_aeabi_uldivmod.o)
                0x0000000008000290                __aeabi_uldivmod
 .text          0x00000000080002c0      0x2c8 C:/Users/steka/Desktop/Stuff/STM32CubeIDE_1.14.1/STM32CubeIDE/plugins/com.st.stm32cube.ide.mcu.externaltools.gnu-tools-for-stm32.11.3.rel1.win32_1.1.100.202309141235/tools/bin/../lib/gcc/arm-none-eabi/11.3.1/thumb/v7e-m+fp/hard\libgcc.a(_udivmoddi4.o)
                0x00000000080002c0                __udivmoddi4
 .text          0x0000000008000588        0x4 C:/Users/steka/Desktop/Stuff/STM32CubeIDE_1.14.1/STM32CubeIDE/plugins/com.st.stm32cube.ide.mcu.externaltools.gnu-tools-for-stm32.11.3.rel1.win32_1.1.100.202309141235/tools/bin/../lib/gcc/arm-none-eabi/11.3.1/thumb/v7e-m+fp/hard\libgcc.a(_dvmd_tls.o)
                0x0000000008000588                __aeabi_idiv0
                0x0000000008000588                __aeabi_ldiv0
 *(.text*)
 .text.I2C_Delay
                0x000000000800058c       0x2c ./Core/Src/main.o
                0x000000000800058c                I2C_Delay
 .text.SCL_nodelay
                0x00000000080005b8       0x2c ./Core/Src/main.o
                0x00000000080005b8                SCL_nodelay
 .text.SCL      0x00000000080005e4       0x1a ./Core/Src/main.o
                0x00000000080005e4                SCL
 *fill*         0x00000000080005fe        0x2 
 .text.SDA_nodelay
                0x0000000008000600       0x44 ./Core/Src/main.o
                0x0000000008000600                SDA_nodelay
 .text.SDA      0x0000000008000644       0x1a ./Core/Src/main.o
                0x0000000008000644                SDA
 .text.I2C_Send_Byte
                0x000000000800065e       0x60 ./Core/Src/main.o
                0x000000000800065e                I2C_Send_Byte
 .text.I2C_Send_Short
                0x00000000080006be       0x2a ./Core/Src/main.o
                0x00000000080006be                I2C_Send_Short
 .text.I2C_Init
                0x00000000080006e8       0x30 ./Core/Src/main.o
                0x00000000080006e8                I2C_Init
 .text.I2C_Start
                0x0000000008000718       0x14 ./Core/Src/main.o
                0x0000000008000718                I2C_Start
 .text.I2C_Write
                0x000000000800072c       0x20 ./Core/Src/main.o
                0x000000000800072c                I2C_Write
 .text.I2C_ACK  0x000000000800074c       0x20 ./Core/Src/main.o
                0x000000000800074c                I2C_ACK
 .text.I2C_NACK
                0x000000000800076c       0x14 ./Core/Src/main.o
                0x000000000800076c                I2C_NACK
 .text.I2C_Restart
                0x0000000008000780       0x18 ./Core/Src/main.o
                0x0000000008000780                I2C_Restart
 .text.I2C_Stop
                0x0000000008000798       0x20 ./Core/Src/main.o
                0x0000000008000798                I2C_Stop
 .text.Serial_Send
                0x00000000080007b8       0x2c ./Core/Src/main.o
                0x00000000080007b8                Serial_Send
 .text.crc8     0x00000000080007e4       0x6e ./Core/Src/main.o
                0x00000000080007e4                crc8
 *fill*         0x0000000008000852        0x2 
 .text.I2C_Read
                0x0000000008000854      0x170 ./Core/Src/main.o
                0x0000000008000854                I2C_Read
 .text.Buzzer   0x00000000080009c4       0xc0 ./Core/Src/main.o
                0x00000000080009c4                Buzzer
 .text.main     0x0000000008000a84      0x2f8 ./Core/Src/main.o
                0x0000000008000a84                main
 .text.SystemClock_Config
                0x0000000008000d7c       0xd8 ./Core/Src/main.o
                0x0000000008000d7c                SystemClock_Config
 .text.MX_SPI3_Init
                0x0000000008000e54       0x6c ./Core/Src/main.o
 .text.MX_TIM3_Init
                0x0000000008000ec0       0xbc ./Core/Src/main.o
 .text.MX_USART2_UART_Init
                0x0000000008000f7c       0x54 ./Core/Src/main.o
 .text.MX_GPIO_Init
                0x0000000008000fd0      0x16c ./Core/Src/main.o
 .text.Error_Handler
                0x000000000800113c        0xa ./Core/Src/main.o
                0x000000000800113c                Error_Handler
 *fill*         0x0000000008001146        0x2 
 .text.HAL_MspInit
                0x0000000008001148       0x50 ./Core/Src/stm32f4xx_hal_msp.o
                0x0000000008001148                HAL_MspInit
 .text.HAL_SPI_MspInit
                0x0000000008001198       0x90 ./Core/Src/stm32f4xx_hal_msp.o
                0x0000000008001198                HAL_SPI_MspInit
 .text.HAL_TIM_PWM_MspInit
                0x0000000008001228       0x44 ./Core/Src/stm32f4xx_hal_msp.o
                0x0000000008001228                HAL_TIM_PWM_MspInit
 .text.HAL_TIM_MspPostInit
                0x000000000800126c       0x74 ./Core/Src/stm32f4xx_hal_msp.o
                0x000000000800126c                HAL_TIM_MspPostInit
 .text.HAL_UART_MspInit
                0x00000000080012e0       0x90 ./Core/Src/stm32f4xx_hal_msp.o
                0x00000000080012e0                HAL_UART_MspInit
 .text.NMI_Handler
                0x0000000008001370        0x6 ./Core/Src/stm32f4xx_it.o
                0x0000000008001370                NMI_Handler
 .text.HardFault_Handler
                0x0000000008001376        0x6 ./Core/Src/stm32f4xx_it.o
                0x0000000008001376                HardFault_Handler
 .text.MemManage_Handler
                0x000000000800137c        0x6 ./Core/Src/stm32f4xx_it.o
                0x000000000800137c                MemManage_Handler
 .text.BusFault_Handler
                0x0000000008001382        0x6 ./Core/Src/stm32f4xx_it.o
                0x0000000008001382                BusFault_Handler
 .text.UsageFault_Handler
                0x0000000008001388        0x6 ./Core/Src/stm32f4xx_it.o
                0x0000000008001388                UsageFault_Handler
 .text.SVC_Handler
                0x000000000800138e        0xe ./Core/Src/stm32f4xx_it.o
                0x000000000800138e                SVC_Handler
 .text.DebugMon_Handler
                0x000000000800139c        0xe ./Core/Src/stm32f4xx_it.o
                0x000000000800139c                DebugMon_Handler
 .text.PendSV_Handler
                0x00000000080013aa        0xe ./Core/Src/stm32f4xx_it.o
                0x00000000080013aa                PendSV_Handler
 .text.SysTick_Handler
                0x00000000080013b8        0xc ./Core/Src/stm32f4xx_it.o
                0x00000000080013b8                SysTick_Handler
 .text._sbrk    0x00000000080013c4       0x6c ./Core/Src/sysmem.o
                0x00000000080013c4                _sbrk
 .text.SystemInit
                0x0000000008001430       0x24 ./Core/Src/system_stm32f4xx.o
                0x0000000008001430                SystemInit
 .text.Reset_Handler
                0x0000000008001454       0x50 ./Core/Startup/startup_stm32f401retx.o
                0x0000000008001454                Reset_Handler
 .text.Default_Handler
                0x00000000080014a4        0x2 ./Core/Startup/startup_stm32f401retx.o
                0x00000000080014a4                RTC_Alarm_IRQHandler
                0x00000000080014a4                EXTI2_IRQHandler
                0x00000000080014a4                SPI4_IRQHandler
                0x00000000080014a4                TIM1_CC_IRQHandler
                0x00000000080014a4                DMA2_Stream5_IRQHandler
                0x00000000080014a4                DMA1_Stream5_IRQHandler
                0x00000000080014a4                PVD_IRQHandler
                0x00000000080014a4                SDIO_IRQHandler
                0x00000000080014a4                TAMP_STAMP_IRQHandler
                0x00000000080014a4                EXTI3_IRQHandler
                0x00000000080014a4                TIM1_UP_TIM10_IRQHandler
                0x00000000080014a4                I2C3_ER_IRQHandler
                0x00000000080014a4                EXTI0_IRQHandler
                0x00000000080014a4                I2C2_EV_IRQHandler
                0x00000000080014a4                DMA1_Stream2_IRQHandler
                0x00000000080014a4                FPU_IRQHandler
                0x00000000080014a4                DMA2_Stream2_IRQHandler
                0x00000000080014a4                SPI1_IRQHandler
                0x00000000080014a4                TIM1_BRK_TIM9_IRQHandler
                0x00000000080014a4                DMA2_Stream3_IRQHandler
                0x00000000080014a4                USART6_IRQHandler
                0x00000000080014a4                DMA2_Stream0_IRQHandler
                0x00000000080014a4                TIM4_IRQHandler
                0x00000000080014a4                I2C1_EV_IRQHandler
                0x00000000080014a4                DMA1_Stream6_IRQHandler
                0x00000000080014a4                DMA1_Stream1_IRQHandler
                0x00000000080014a4                TIM3_IRQHandler
                0x00000000080014a4                RCC_IRQHandler
                0x00000000080014a4                Default_Handler
                0x00000000080014a4                EXTI15_10_IRQHandler
                0x00000000080014a4                ADC_IRQHandler
                0x00000000080014a4                DMA1_Stream7_IRQHandler
                0x00000000080014a4                TIM5_IRQHandler
                0x00000000080014a4                DMA2_Stream7_IRQHandler
                0x00000000080014a4                I2C3_EV_IRQHandler
                0x00000000080014a4                EXTI9_5_IRQHandler
                0x00000000080014a4                RTC_WKUP_IRQHandler
                0x00000000080014a4                SPI2_IRQHandler
                0x00000000080014a4                DMA1_Stream0_IRQHandler
                0x00000000080014a4                EXTI4_IRQHandler
                0x00000000080014a4                WWDG_IRQHandler
                0x00000000080014a4                TIM2_IRQHandler
                0x00000000080014a4                OTG_FS_WKUP_IRQHandler
                0x00000000080014a4                TIM1_TRG_COM_TIM11_IRQHandler
                0x00000000080014a4                EXTI1_IRQHandler
                0x00000000080014a4                USART2_IRQHandler
                0x00000000080014a4                I2C2_ER_IRQHandler
                0x00000000080014a4                DMA2_Stream1_IRQHandler
                0x00000000080014a4                FLASH_IRQHandler
                0x00000000080014a4                DMA2_Stream4_IRQHandler
                0x00000000080014a4                USART1_IRQHandler
                0x00000000080014a4                OTG_FS_IRQHandler
                0x00000000080014a4                SPI3_IRQHandler
                0x00000000080014a4                DMA1_Stream4_IRQHandler
                0x00000000080014a4                I2C1_ER_IRQHandler
                0x00000000080014a4                DMA2_Stream6_IRQHandler
                0x00000000080014a4                DMA1_Stream3_IRQHandler
 *fill*         0x00000000080014a6        0x2 
 .text.HAL_Init
                0x00000000080014a8       0x44 ./Drivers/STM32F4xx_HAL_Driver/Src/stm32f4xx_hal.o
                0x00000000080014a8                HAL_Init
 .text.HAL_InitTick
                0x00000000080014ec       0x60 ./Drivers/STM32F4xx_HAL_Driver/Src/stm32f4xx_hal.o
                0x00000000080014ec                HAL_InitTick
 .text.HAL_IncTick
                0x000000000800154c       0x28 ./Drivers/STM32F4xx_HAL_Driver/Src/stm32f4xx_hal.o
                0x000000000800154c                HAL_IncTick
 .text.HAL_GetTick
                0x0000000008001574       0x18 ./Drivers/STM32F4xx_HAL_Driver/Src/stm32f4xx_hal.o
                0x0000000008001574                HAL_GetTick
 .text.HAL_Delay
                0x000000000800158c       0x48 ./Drivers/STM32F4xx_HAL_Driver/Src/stm32f4xx_hal.o
                0x000000000800158c                HAL_Delay
 .text.__NVIC_SetPriorityGrouping
                0x00000000080015d4       0x48 ./Drivers/STM32F4xx_HAL_Driver/Src/stm32f4xx_hal_cortex.o
 .text.__NVIC_GetPriorityGrouping
                0x000000000800161c       0x1c ./Drivers/STM32F4xx_HAL_Driver/Src/stm32f4xx_hal_cortex.o
 .text.__NVIC_SetPriority
                0x0000000008001638       0x54 ./Drivers/STM32F4xx_HAL_Driver/Src/stm32f4xx_hal_cortex.o
 .text.NVIC_EncodePriority
                0x000000000800168c       0x66 ./Drivers/STM32F4xx_HAL_Driver/Src/stm32f4xx_hal_cortex.o
 *fill*         0x00000000080016f2        0x2 
 .text.SysTick_Config
                0x00000000080016f4       0x44 ./Drivers/STM32F4xx_HAL_Driver/Src/stm32f4xx_hal_cortex.o
 .text.HAL_NVIC_SetPriorityGrouping
                0x0000000008001738       0x16 ./Drivers/STM32F4xx_HAL_Driver/Src/stm32f4xx_hal_cortex.o
                0x0000000008001738                HAL_NVIC_SetPriorityGrouping
 .text.HAL_NVIC_SetPriority
                0x000000000800174e       0x38 ./Drivers/STM32F4xx_HAL_Driver/Src/stm32f4xx_hal_cortex.o
                0x000000000800174e                HAL_NVIC_SetPriority
 .text.HAL_SYSTICK_Config
                0x0000000008001786       0x18 ./Drivers/STM32F4xx_HAL_Driver/Src/stm32f4xx_hal_cortex.o
                0x0000000008001786                HAL_SYSTICK_Config
 *fill*         0x000000000800179e        0x2 
 .text.HAL_GPIO_Init
                0x00000000080017a0      0x308 ./Drivers/STM32F4xx_HAL_Driver/Src/stm32f4xx_hal_gpio.o
                0x00000000080017a0                HAL_GPIO_Init
 .text.HAL_GPIO_ReadPin
                0x0000000008001aa8       0x30 ./Drivers/STM32F4xx_HAL_Driver/Src/stm32f4xx_hal_gpio.o
                0x0000000008001aa8                HAL_GPIO_ReadPin
 .text.HAL_GPIO_WritePin
                0x0000000008001ad8       0x32 ./Drivers/STM32F4xx_HAL_Driver/Src/stm32f4xx_hal_gpio.o
                0x0000000008001ad8                HAL_GPIO_WritePin
 *fill*         0x0000000008001b0a        0x2 
 .text.HAL_RCC_OscConfig
                0x0000000008001b0c      0x4f0 ./Drivers/STM32F4xx_HAL_Driver/Src/stm32f4xx_hal_rcc.o
                0x0000000008001b0c                HAL_RCC_OscConfig
 .text.HAL_RCC_ClockConfig
                0x0000000008001ffc      0x1cc ./Drivers/STM32F4xx_HAL_Driver/Src/stm32f4xx_hal_rcc.o
                0x0000000008001ffc                HAL_RCC_ClockConfig
 .text.HAL_RCC_GetSysClockFreq
                0x00000000080021c8      0x20c ./Drivers/STM32F4xx_HAL_Driver/Src/stm32f4xx_hal_rcc.o
                0x00000000080021c8                HAL_RCC_GetSysClockFreq
 .text.HAL_RCC_GetHCLKFreq
                0x00000000080023d4       0x18 ./Drivers/STM32F4xx_HAL_Driver/Src/stm32f4xx_hal_rcc.o
                0x00000000080023d4                HAL_RCC_GetHCLKFreq
 .text.HAL_RCC_GetPCLK1Freq
                0x00000000080023ec       0x28 ./Drivers/STM32F4xx_HAL_Driver/Src/stm32f4xx_hal_rcc.o
                0x00000000080023ec                HAL_RCC_GetPCLK1Freq
 .text.HAL_RCC_GetPCLK2Freq
                0x0000000008002414       0x28 ./Drivers/STM32F4xx_HAL_Driver/Src/stm32f4xx_hal_rcc.o
                0x0000000008002414                HAL_RCC_GetPCLK2Freq
 .text.HAL_SPI_Init
                0x000000000800243c      0x112 ./Drivers/STM32F4xx_HAL_Driver/Src/stm32f4xx_hal_spi.o
                0x000000000800243c                HAL_SPI_Init
 .text.HAL_SPI_TransmitReceive
                0x000000000800254e      0x344 ./Drivers/STM32F4xx_HAL_Driver/Src/stm32f4xx_hal_spi.o
                0x000000000800254e                HAL_SPI_TransmitReceive
 *fill*         0x0000000008002892        0x2 
 .text.SPI_WaitFlagStateUntilTimeout
                0x0000000008002894      0x110 ./Drivers/STM32F4xx_HAL_Driver/Src/stm32f4xx_hal_spi.o
 .text.SPI_EndRxTxTransaction
                0x00000000080029a4       0x84 ./Drivers/STM32F4xx_HAL_Driver/Src/stm32f4xx_hal_spi.o
 .text.HAL_TIM_PWM_Init
                0x0000000008002a28       0x9e ./Drivers/STM32F4xx_HAL_Driver/Src/stm32f4xx_hal_tim.o
                0x0000000008002a28                HAL_TIM_PWM_Init
 *fill*         0x0000000008002ac6        0x2 
 .text.HAL_TIM_PWM_Start
                0x0000000008002ac8      0x160 ./Drivers/STM32F4xx_HAL_Driver/Src/stm32f4xx_hal_tim.o
                0x0000000008002ac8                HAL_TIM_PWM_Start
 .text.HAL_TIM_PWM_ConfigChannel
                0x0000000008002c28      0x184 ./Drivers/STM32F4xx_HAL_Driver/Src/stm32f4xx_hal_tim.o
                0x0000000008002c28                HAL_TIM_PWM_ConfigChannel
 .text.TIM_Base_SetConfig
                0x0000000008002dac      0x100 ./Drivers/STM32F4xx_HAL_Driver/Src/stm32f4xx_hal_tim.o
                0x0000000008002dac                TIM_Base_SetConfig
 .text.TIM_OC1_SetConfig
                0x0000000008002eac       0xcc ./Drivers/STM32F4xx_HAL_Driver/Src/stm32f4xx_hal_tim.o
 .text.TIM_OC2_SetConfig
                0x0000000008002f78       0xd8 ./Drivers/STM32F4xx_HAL_Driver/Src/stm32f4xx_hal_tim.o
                0x0000000008002f78                TIM_OC2_SetConfig
 .text.TIM_OC3_SetConfig
                0x0000000008003050       0xd4 ./Drivers/STM32F4xx_HAL_Driver/Src/stm32f4xx_hal_tim.o
 .text.TIM_OC4_SetConfig
                0x0000000008003124       0xa0 ./Drivers/STM32F4xx_HAL_Driver/Src/stm32f4xx_hal_tim.o
 .text.TIM_CCxChannelCmd
                0x00000000080031c4       0x4a ./Drivers/STM32F4xx_HAL_Driver/Src/stm32f4xx_hal_tim.o
                0x00000000080031c4                TIM_CCxChannelCmd
 *fill*         0x000000000800320e        0x2 
 .text.HAL_TIMEx_MasterConfigSynchronization
                0x0000000008003210       0xdc ./Drivers/STM32F4xx_HAL_Driver/Src/stm32f4xx_hal_tim_ex.o
                0x0000000008003210                HAL_TIMEx_MasterConfigSynchronization
 .text.HAL_UART_Init
                0x00000000080032ec       0x9a ./Drivers/STM32F4xx_HAL_Driver/Src/stm32f4xx_hal_uart.o
                0x00000000080032ec                HAL_UART_Init
 .text.HAL_UART_Transmit
                0x0000000008003386      0x124 ./Drivers/STM32F4xx_HAL_Driver/Src/stm32f4xx_hal_uart.o
                0x0000000008003386                HAL_UART_Transmit
 .text.UART_WaitOnFlagUntilTimeout
                0x00000000080034aa       0xdc ./Drivers/STM32F4xx_HAL_Driver/Src/stm32f4xx_hal_uart.o
 *fill*         0x0000000008003586        0x2 
 .text.UART_SetConfig
                0x0000000008003588      0x4e8 ./Drivers/STM32F4xx_HAL_Driver/Src/stm32f4xx_hal_uart.o
 .text.MX_FATFS_Init
                0x0000000008003a70       0x24 ./FATFS/App/fatfs.o
                0x0000000008003a70                MX_FATFS_Init
 .text.get_fattime
                0x0000000008003a94       0x10 ./FATFS/App/fatfs.o
                0x0000000008003a94                get_fattime
 .text.USER_initialize
                0x0000000008003aa4       0x1c ./FATFS/Target/user_diskio.o
                0x0000000008003aa4                USER_initialize
 .text.USER_status
                0x0000000008003ac0       0x1c ./FATFS/Target/user_diskio.o
                0x0000000008003ac0                USER_status
 .text.USER_read
                0x0000000008003adc       0x26 ./FATFS/Target/user_diskio.o
                0x0000000008003adc                USER_read
 .text.USER_write
                0x0000000008003b02       0x26 ./FATFS/Target/user_diskio.o
                0x0000000008003b02                USER_write
 .text.USER_ioctl
                0x0000000008003b28       0x26 ./FATFS/Target/user_diskio.o
                0x0000000008003b28                USER_ioctl
 *fill*         0x0000000008003b4e        0x2 
 .text.SPI_Timer_On
                0x0000000008003b50       0x28 ./FATFS/Target/user_diskio_spi.o
                0x0000000008003b50                SPI_Timer_On
 .text.SPI_Timer_Status
                0x0000000008003b78       0x2c ./FATFS/Target/user_diskio_spi.o
                0x0000000008003b78                SPI_Timer_Status
 .text.xchg_spi
                0x0000000008003ba4       0x2c ./FATFS/Target/user_diskio_spi.o
 .text.rcvr_spi_multi
                0x0000000008003bd0       0x38 ./FATFS/Target/user_diskio_spi.o
 .text.xmit_spi_multi
                0x0000000008003c08       0x36 ./FATFS/Target/user_diskio_spi.o
 .text.wait_ready
                0x0000000008003c3e       0x46 ./FATFS/Target/user_diskio_spi.o
 .text.despiselect
                0x0000000008003c84       0x1c ./FATFS/Target/user_diskio_spi.o
 .text.spiselect
                0x0000000008003ca0       0x34 ./FATFS/Target/user_diskio_spi.o
 .text.rcvr_datablock
                0x0000000008003cd4       0x52 ./FATFS/Target/user_diskio_spi.o
 .text.xmit_datablock
                0x0000000008003d26       0x64 ./FATFS/Target/user_diskio_spi.o
 .text.send_cmd
                0x0000000008003d8a       0xde ./FATFS/Target/user_diskio_spi.o
 .text.USER_SPI_initialize
                0x0000000008003e68      0x1d8 ./FATFS/Target/user_diskio_spi.o
                0x0000000008003e68                USER_SPI_initialize
 .text.USER_SPI_status
                0x0000000008004040       0x2c ./FATFS/Target/user_diskio_spi.o
                0x0000000008004040                USER_SPI_status
 .text.USER_SPI_read
                0x000000000800406c       0xcc ./FATFS/Target/user_diskio_spi.o
                0x000000000800406c                USER_SPI_read
 .text.USER_SPI_write
                0x0000000008004138       0xf8 ./FATFS/Target/user_diskio_spi.o
                0x0000000008004138                USER_SPI_write
 .text.USER_SPI_ioctl
                0x0000000008004230      0x2e0 ./FATFS/Target/user_diskio_spi.o
                0x0000000008004230                USER_SPI_ioctl
 .text.disk_status
                0x0000000008004510       0x34 ./Middlewares/Third_Party/FatFs/src/diskio.o
                0x0000000008004510                disk_status
 .text.disk_initialize
                0x0000000008004544       0x4c ./Middlewares/Third_Party/FatFs/src/diskio.o
                0x0000000008004544                disk_initialize
 .text.disk_read
                0x0000000008004590       0x40 ./Middlewares/Third_Party/FatFs/src/diskio.o
                0x0000000008004590                disk_read
 .text.disk_write
                0x00000000080045d0       0x40 ./Middlewares/Third_Party/FatFs/src/diskio.o
                0x00000000080045d0                disk_write
 .text.disk_ioctl
                0x0000000008004610       0x3c ./Middlewares/Third_Party/FatFs/src/diskio.o
                0x0000000008004610                disk_ioctl
 .text.ld_word  0x000000000800464c       0x30 ./Middlewares/Third_Party/FatFs/src/ff.o
 .text.ld_dword
                0x000000000800467c       0x46 ./Middlewares/Third_Party/FatFs/src/ff.o
 .text.st_word  0x00000000080046c2       0x36 ./Middlewares/Third_Party/FatFs/src/ff.o
 .text.st_dword
                0x00000000080046f8       0x58 ./Middlewares/Third_Party/FatFs/src/ff.o
 .text.mem_cpy  0x0000000008004750       0x42 ./Middlewares/Third_Party/FatFs/src/ff.o
 .text.mem_set  0x0000000008004792       0x36 ./Middlewares/Third_Party/FatFs/src/ff.o
 .text.mem_cmp  0x00000000080047c8       0x4e ./Middlewares/Third_Party/FatFs/src/ff.o
 .text.chk_chr  0x0000000008004816       0x36 ./Middlewares/Third_Party/FatFs/src/ff.o
 .text.chk_lock
                0x000000000800484c       0xb8 ./Middlewares/Third_Party/FatFs/src/ff.o
 .text.enq_lock
                0x0000000008004904       0x44 ./Middlewares/Third_Party/FatFs/src/ff.o
 .text.inc_lock
                0x0000000008004948      0x11c ./Middlewares/Third_Party/FatFs/src/ff.o
 .text.dec_lock
                0x0000000008004a64       0x78 ./Middlewares/Third_Party/FatFs/src/ff.o
 .text.clear_lock
                0x0000000008004adc       0x48 ./Middlewares/Third_Party/FatFs/src/ff.o
 .text.sync_window
                0x0000000008004b24       0x88 ./Middlewares/Third_Party/FatFs/src/ff.o
 .text.move_window
                0x0000000008004bac       0x5a ./Middlewares/Third_Party/FatFs/src/ff.o
 *fill*         0x0000000008004c06        0x2 
 .text.sync_fs  0x0000000008004c08       0xdc ./Middlewares/Third_Party/FatFs/src/ff.o
 .text.clust2sect
                0x0000000008004ce4       0x3e ./Middlewares/Third_Party/FatFs/src/ff.o
 .text.get_fat  0x0000000008004d22      0x150 ./Middlewares/Third_Party/FatFs/src/ff.o
 .text.put_fat  0x0000000008004e72      0x1d4 ./Middlewares/Third_Party/FatFs/src/ff.o
 .text.remove_chain
                0x0000000008005046       0xca ./Middlewares/Third_Party/FatFs/src/ff.o
 .text.create_chain
                0x0000000008005110      0x130 ./Middlewares/Third_Party/FatFs/src/ff.o
 .text.clmt_clust
                0x0000000008005240       0x68 ./Middlewares/Third_Party/FatFs/src/ff.o
 .text.dir_sdi  0x00000000080052a8       0xf6 ./Middlewares/Third_Party/FatFs/src/ff.o
 .text.dir_next
                0x000000000800539e      0x18a ./Middlewares/Third_Party/FatFs/src/ff.o
 .text.dir_alloc
                0x0000000008005528       0x8e ./Middlewares/Third_Party/FatFs/src/ff.o
 .text.ld_clust
                0x00000000080055b6       0x3e ./Middlewares/Third_Party/FatFs/src/ff.o
 .text.st_clust
                0x00000000080055f4       0x40 ./Middlewares/Third_Party/FatFs/src/ff.o
 .text.dir_find
                0x0000000008005634       0xaa ./Middlewares/Third_Party/FatFs/src/ff.o
 .text.dir_register
                0x00000000080056de       0x64 ./Middlewares/Third_Party/FatFs/src/ff.o
 *fill*         0x0000000008005742        0x2 
 .text.create_name
                0x0000000008005744      0x128 ./Middlewares/Third_Party/FatFs/src/ff.o
 .text.follow_path
                0x000000000800586c       0xe2 ./Middlewares/Third_Party/FatFs/src/ff.o
 .text.get_ldnumber
                0x000000000800594e       0x88 ./Middlewares/Third_Party/FatFs/src/ff.o
 *fill*         0x00000000080059d6        0x2 
 .text.check_fs
                0x00000000080059d8       0xac ./Middlewares/Third_Party/FatFs/src/ff.o
 .text.find_volume
                0x0000000008005a84      0x498 ./Middlewares/Third_Party/FatFs/src/ff.o
 .text.validate
                0x0000000008005f1c       0x6a ./Middlewares/Third_Party/FatFs/src/ff.o
 *fill*         0x0000000008005f86        0x2 
 .text.f_mount  0x0000000008005f88       0x8c ./Middlewares/Third_Party/FatFs/src/ff.o
                0x0000000008005f88                f_mount
 .text.f_open   0x0000000008006014      0x37c ./Middlewares/Third_Party/FatFs/src/ff.o
                0x0000000008006014                f_open
 .text.f_write  0x0000000008006390      0x2ea ./Middlewares/Third_Party/FatFs/src/ff.o
                0x0000000008006390                f_write
 .text.f_sync   0x000000000800667a       0xfc ./Middlewares/Third_Party/FatFs/src/ff.o
                0x000000000800667a                f_sync
 .text.f_close  0x0000000008006776       0x54 ./Middlewares/Third_Party/FatFs/src/ff.o
                0x0000000008006776                f_close
 *fill*         0x00000000080067ca        0x2 
 .text.FATFS_LinkDriverEx
                0x00000000080067cc       0x98 ./Middlewares/Third_Party/FatFs/src/ff_gen_drv.o
                0x00000000080067cc                FATFS_LinkDriverEx
 .text.FATFS_LinkDriver
                0x0000000008006864       0x1e ./Middlewares/Third_Party/FatFs/src/ff_gen_drv.o
                0x0000000008006864                FATFS_LinkDriver
 *fill*         0x0000000008006882        0x2 
 .text.sprintf  0x0000000008006884       0x40 C:/Users/steka/Desktop/Stuff/STM32CubeIDE_1.14.1/STM32CubeIDE/plugins/com.st.stm32cube.ide.mcu.externaltools.gnu-tools-for-stm32.11.3.rel1.win32_1.1.100.202309141235/tools/bin/../lib/gcc/arm-none-eabi/11.3.1/../../../../arm-none-eabi/lib/thumb/v7e-m+fp/hard\libc_nano.a(libc_a-sprintf.o)
                0x0000000008006884                siprintf
                0x0000000008006884                sprintf
 .text.memset   0x00000000080068c4       0x10 C:/Users/steka/Desktop/Stuff/STM32CubeIDE_1.14.1/STM32CubeIDE/plugins/com.st.stm32cube.ide.mcu.externaltools.gnu-tools-for-stm32.11.3.rel1.win32_1.1.100.202309141235/tools/bin/../lib/gcc/arm-none-eabi/11.3.1/../../../../arm-none-eabi/lib/thumb/v7e-m+fp/hard\libc_nano.a(libc_a-memset.o)
                0x00000000080068c4                memset
 .text.__errno  0x00000000080068d4        0xc C:/Users/steka/Desktop/Stuff/STM32CubeIDE_1.14.1/STM32CubeIDE/plugins/com.st.stm32cube.ide.mcu.externaltools.gnu-tools-for-stm32.11.3.rel1.win32_1.1.100.202309141235/tools/bin/../lib/gcc/arm-none-eabi/11.3.1/../../../../arm-none-eabi/lib/thumb/v7e-m+fp/hard\libc_nano.a(libc_a-errno.o)
                0x00000000080068d4                __errno
 .text.__libc_init_array
                0x00000000080068e0       0x48 C:/Users/steka/Desktop/Stuff/STM32CubeIDE_1.14.1/STM32CubeIDE/plugins/com.st.stm32cube.ide.mcu.externaltools.gnu-tools-for-stm32.11.3.rel1.win32_1.1.100.202309141235/tools/bin/../lib/gcc/arm-none-eabi/11.3.1/../../../../arm-none-eabi/lib/thumb/v7e-m+fp/hard\libc_nano.a(libc_a-init.o)
                0x00000000080068e0                __libc_init_array
 .text.__retarget_lock_acquire_recursive
                0x0000000008006928        0x2 C:/Users/steka/Desktop/Stuff/STM32CubeIDE_1.14.1/STM32CubeIDE/plugins/com.st.stm32cube.ide.mcu.externaltools.gnu-tools-for-stm32.11.3.rel1.win32_1.1.100.202309141235/tools/bin/../lib/gcc/arm-none-eabi/11.3.1/../../../../arm-none-eabi/lib/thumb/v7e-m+fp/hard\libc_nano.a(libc_a-lock.o)
                0x0000000008006928                __retarget_lock_acquire_recursive
 .text.__retarget_lock_release_recursive
                0x000000000800692a        0x2 C:/Users/steka/Desktop/Stuff/STM32CubeIDE_1.14.1/STM32CubeIDE/plugins/com.st.stm32cube.ide.mcu.externaltools.gnu-tools-for-stm32.11.3.rel1.win32_1.1.100.202309141235/tools/bin/../lib/gcc/arm-none-eabi/11.3.1/../../../../arm-none-eabi/lib/thumb/v7e-m+fp/hard\libc_nano.a(libc_a-lock.o)
                0x000000000800692a                __retarget_lock_release_recursive
 .text._free_r  0x000000000800692c       0x98 C:/Users/steka/Desktop/Stuff/STM32CubeIDE_1.14.1/STM32CubeIDE/plugins/com.st.stm32cube.ide.mcu.externaltools.gnu-tools-for-stm32.11.3.rel1.win32_1.1.100.202309141235/tools/bin/../lib/gcc/arm-none-eabi/11.3.1/../../../../arm-none-eabi/lib/thumb/v7e-m+fp/hard\libc_nano.a(libc_a-freer.o)
                0x000000000800692c                _free_r
 .text.sbrk_aligned
                0x00000000080069c4       0x40 C:/Users/steka/Desktop/Stuff/STM32CubeIDE_1.14.1/STM32CubeIDE/plugins/com.st.stm32cube.ide.mcu.externaltools.gnu-tools-for-stm32.11.3.rel1.win32_1.1.100.202309141235/tools/bin/../lib/gcc/arm-none-eabi/11.3.1/../../../../arm-none-eabi/lib/thumb/v7e-m+fp/hard\libc_nano.a(libc_a-mallocr.o)
 .text._malloc_r
                0x0000000008006a04      0x100 C:/Users/steka/Desktop/Stuff/STM32CubeIDE_1.14.1/STM32CubeIDE/plugins/com.st.stm32cube.ide.mcu.externaltools.gnu-tools-for-stm32.11.3.rel1.win32_1.1.100.202309141235/tools/bin/../lib/gcc/arm-none-eabi/11.3.1/../../../../arm-none-eabi/lib/thumb/v7e-m+fp/hard\libc_nano.a(libc_a-mallocr.o)
                0x0000000008006a04                _malloc_r
 .text.__malloc_lock
                0x0000000008006b04        0xc C:/Users/steka/Desktop/Stuff/STM32CubeIDE_1.14.1/STM32CubeIDE/plugins/com.st.stm32cube.ide.mcu.externaltools.gnu-tools-for-stm32.11.3.rel1.win32_1.1.100.202309141235/tools/bin/../lib/gcc/arm-none-eabi/11.3.1/../../../../arm-none-eabi/lib/thumb/v7e-m+fp/hard\libc_nano.a(libc_a-mlock.o)
                0x0000000008006b04                __malloc_lock
 .text.__malloc_unlock
                0x0000000008006b10        0xc C:/Users/steka/Desktop/Stuff/STM32CubeIDE_1.14.1/STM32CubeIDE/plugins/com.st.stm32cube.ide.mcu.externaltools.gnu-tools-for-stm32.11.3.rel1.win32_1.1.100.202309141235/tools/bin/../lib/gcc/arm-none-eabi/11.3.1/../../../../arm-none-eabi/lib/thumb/v7e-m+fp/hard\libc_nano.a(libc_a-mlock.o)
                0x0000000008006b10                __malloc_unlock
 .text.__ssputs_r
                0x0000000008006b1c       0xb4 C:/Users/steka/Desktop/Stuff/STM32CubeIDE_1.14.1/STM32CubeIDE/plugins/com.st.stm32cube.ide.mcu.externaltools.gnu-tools-for-stm32.11.3.rel1.win32_1.1.100.202309141235/tools/bin/../lib/gcc/arm-none-eabi/11.3.1/../../../../arm-none-eabi/lib/thumb/v7e-m+fp/hard\libc_nano.a(libc_a-nano-svfprintf.o)
                0x0000000008006b1c                __ssputs_r
 .text._svfprintf_r
                0x0000000008006bd0      0x1fc C:/Users/steka/Desktop/Stuff/STM32CubeIDE_1.14.1/STM32CubeIDE/plugins/com.st.stm32cube.ide.mcu.externaltools.gnu-tools-for-stm32.11.3.rel1.win32_1.1.100.202309141235/tools/bin/../lib/gcc/arm-none-eabi/11.3.1/../../../../arm-none-eabi/lib/thumb/v7e-m+fp/hard\libc_nano.a(libc_a-nano-svfprintf.o)
                0x0000000008006bd0                _svfiprintf_r
                0x0000000008006bd0                _svfprintf_r
 .text._printf_common
                0x0000000008006dcc       0xda C:/Users/steka/Desktop/Stuff/STM32CubeIDE_1.14.1/STM32CubeIDE/plugins/com.st.stm32cube.ide.mcu.externaltools.gnu-tools-for-stm32.11.3.rel1.win32_1.1.100.202309141235/tools/bin/../lib/gcc/arm-none-eabi/11.3.1/../../../../arm-none-eabi/lib/thumb/v7e-m+fp/hard\libc_nano.a(libc_a-nano-vfprintf_i.o)
                0x0000000008006dcc                _printf_common
 *fill*         0x0000000008006ea6        0x2 
 .text._printf_i
                0x0000000008006ea8      0x244 C:/Users/steka/Desktop/Stuff/STM32CubeIDE_1.14.1/STM32CubeIDE/plugins/com.st.stm32cube.ide.mcu.externaltools.gnu-tools-for-stm32.11.3.rel1.win32_1.1.100.202309141235/tools/bin/../lib/gcc/arm-none-eabi/11.3.1/../../../../arm-none-eabi/lib/thumb/v7e-m+fp/hard\libc_nano.a(libc_a-nano-vfprintf_i.o)
                0x0000000008006ea8                _printf_i
 .text.memmove  0x00000000080070ec       0x34 C:/Users/steka/Desktop/Stuff/STM32CubeIDE_1.14.1/STM32CubeIDE/plugins/com.st.stm32cube.ide.mcu.externaltools.gnu-tools-for-stm32.11.3.rel1.win32_1.1.100.202309141235/tools/bin/../lib/gcc/arm-none-eabi/11.3.1/../../../../arm-none-eabi/lib/thumb/v7e-m+fp/hard\libc_nano.a(libc_a-memmove.o)
                0x00000000080070ec                memmove
 .text._sbrk_r  0x0000000008007120       0x20 C:/Users/steka/Desktop/Stuff/STM32CubeIDE_1.14.1/STM32CubeIDE/plugins/com.st.stm32cube.ide.mcu.externaltools.gnu-tools-for-stm32.11.3.rel1.win32_1.1.100.202309141235/tools/bin/../lib/gcc/arm-none-eabi/11.3.1/../../../../arm-none-eabi/lib/thumb/v7e-m+fp/hard\libc_nano.a(libc_a-sbrkr.o)
                0x0000000008007120                _sbrk_r
 .text.memcpy   0x0000000008007140       0x1c C:/Users/steka/Desktop/Stuff/STM32CubeIDE_1.14.1/STM32CubeIDE/plugins/com.st.stm32cube.ide.mcu.externaltools.gnu-tools-for-stm32.11.3.rel1.win32_1.1.100.202309141235/tools/bin/../lib/gcc/arm-none-eabi/11.3.1/../../../../arm-none-eabi/lib/thumb/v7e-m+fp/hard\libc_nano.a(libc_a-memcpy-stub.o)
                0x0000000008007140                memcpy
 .text._realloc_r
                0x000000000800715c       0x5e C:/Users/steka/Desktop/Stuff/STM32CubeIDE_1.14.1/STM32CubeIDE/plugins/com.st.stm32cube.ide.mcu.externaltools.gnu-tools-for-stm32.11.3.rel1.win32_1.1.100.202309141235/tools/bin/../lib/gcc/arm-none-eabi/11.3.1/../../../../arm-none-eabi/lib/thumb/v7e-m+fp/hard\libc_nano.a(libc_a-reallocr.o)
                0x000000000800715c                _realloc_r
 .text._malloc_usable_size_r
                0x00000000080071ba       0x10 C:/Users/steka/Desktop/Stuff/STM32CubeIDE_1.14.1/STM32CubeIDE/plugins/com.st.stm32cube.ide.mcu.externaltools.gnu-tools-for-stm32.11.3.rel1.win32_1.1.100.202309141235/tools/bin/../lib/gcc/arm-none-eabi/11.3.1/../../../../arm-none-eabi/lib/thumb/v7e-m+fp/hard\libc_nano.a(libc_a-msizer.o)
                0x00000000080071ba                _malloc_usable_size_r
 *(.glue_7)
 .glue_7        0x00000000080071ca        0x0 linker stubs
 *(.glue_7t)
 .glue_7t       0x00000000080071ca        0x0 linker stubs
 *(.eh_frame)
 *fill*         0x00000000080071ca        0x2 
 .eh_frame      0x00000000080071cc        0x0 C:/Users/steka/Desktop/Stuff/STM32CubeIDE_1.14.1/STM32CubeIDE/plugins/com.st.stm32cube.ide.mcu.externaltools.gnu-tools-for-stm32.11.3.rel1.win32_1.1.100.202309141235/tools/bin/../lib/gcc/arm-none-eabi/11.3.1/thumb/v7e-m+fp/hard/crtbegin.o
 *(.init)
 .init          0x00000000080071cc        0x4 C:/Users/steka/Desktop/Stuff/STM32CubeIDE_1.14.1/STM32CubeIDE/plugins/com.st.stm32cube.ide.mcu.externaltools.gnu-tools-for-stm32.11.3.rel1.win32_1.1.100.202309141235/tools/bin/../lib/gcc/arm-none-eabi/11.3.1/thumb/v7e-m+fp/hard/crti.o
                0x00000000080071cc                _init
 .init          0x00000000080071d0        0x8 C:/Users/steka/Desktop/Stuff/STM32CubeIDE_1.14.1/STM32CubeIDE/plugins/com.st.stm32cube.ide.mcu.externaltools.gnu-tools-for-stm32.11.3.rel1.win32_1.1.100.202309141235/tools/bin/../lib/gcc/arm-none-eabi/11.3.1/thumb/v7e-m+fp/hard/crtn.o
 *(.fini)
 .fini          0x00000000080071d8        0x4 C:/Users/steka/Desktop/Stuff/STM32CubeIDE_1.14.1/STM32CubeIDE/plugins/com.st.stm32cube.ide.mcu.externaltools.gnu-tools-for-stm32.11.3.rel1.win32_1.1.100.202309141235/tools/bin/../lib/gcc/arm-none-eabi/11.3.1/thumb/v7e-m+fp/hard/crti.o
                0x00000000080071d8                _fini
 .fini          0x00000000080071dc        0x8 C:/Users/steka/Desktop/Stuff/STM32CubeIDE_1.14.1/STM32CubeIDE/plugins/com.st.stm32cube.ide.mcu.externaltools.gnu-tools-for-stm32.11.3.rel1.win32_1.1.100.202309141235/tools/bin/../lib/gcc/arm-none-eabi/11.3.1/thumb/v7e-m+fp/hard/crtn.o
                0x00000000080071e4                . = ALIGN (0x4)
                0x00000000080071e4                _etext = .

.vfp11_veneer   0x00000000080071e4        0x0
 .vfp11_veneer  0x00000000080071e4        0x0 linker stubs

.v4_bx          0x00000000080071e4        0x0
 .v4_bx         0x00000000080071e4        0x0 linker stubs

.iplt           0x00000000080071e4        0x0
 .iplt          0x00000000080071e4        0x0 C:/Users/steka/Desktop/Stuff/STM32CubeIDE_1.14.1/STM32CubeIDE/plugins/com.st.stm32cube.ide.mcu.externaltools.gnu-tools-for-stm32.11.3.rel1.win32_1.1.100.202309141235/tools/bin/../lib/gcc/arm-none-eabi/11.3.1/thumb/v7e-m+fp/hard/crtbegin.o

.rodata         0x00000000080071e4      0x22c
                0x00000000080071e4                . = ALIGN (0x4)
 *(.rodata)
 .rodata        0x00000000080071e4      0x119 ./Core/Src/main.o
 *fill*         0x00000000080072fd        0x3 
 .rodata        0x0000000008007300       0x44 ./Middlewares/Third_Party/FatFs/src/ff.o
 *(.rodata*)
 .rodata.AHBPrescTable
                0x0000000008007344       0x10 ./Core/Src/system_stm32f4xx.o
                0x0000000008007344                AHBPrescTable
 .rodata.APBPrescTable
                0x0000000008007354        0x8 ./Core/Src/system_stm32f4xx.o
                0x0000000008007354                APBPrescTable
 .rodata.ExCvt  0x000000000800735c       0x80 ./Middlewares/Third_Party/FatFs/src/ff.o
 .rodata._svfprintf_r.str1.1
                0x00000000080073dc       0x11 C:/Users/steka/Desktop/Stuff/STM32CubeIDE_1.14.1/STM32CubeIDE/plugins/com.st.stm32cube.ide.mcu.externaltools.gnu-tools-for-stm32.11.3.rel1.win32_1.1.100.202309141235/tools/bin/../lib/gcc/arm-none-eabi/11.3.1/../../../../arm-none-eabi/lib/thumb/v7e-m+fp/hard\libc_nano.a(libc_a-nano-svfprintf.o)
 .rodata._printf_i.str1.1
                0x00000000080073ed       0x22 C:/Users/steka/Desktop/Stuff/STM32CubeIDE_1.14.1/STM32CubeIDE/plugins/com.st.stm32cube.ide.mcu.externaltools.gnu-tools-for-stm32.11.3.rel1.win32_1.1.100.202309141235/tools/bin/../lib/gcc/arm-none-eabi/11.3.1/../../../../arm-none-eabi/lib/thumb/v7e-m+fp/hard\libc_nano.a(libc_a-nano-vfprintf_i.o)
                0x0000000008007410                . = ALIGN (0x4)
 *fill*         0x000000000800740f        0x1 

.ARM.extab      0x0000000008007410        0x0
                0x0000000008007410                . = ALIGN (0x4)
 *(.ARM.extab* .gnu.linkonce.armextab.*)
                0x0000000008007410                . = ALIGN (0x4)

.ARM            0x0000000008007410        0x8
                0x0000000008007410                . = ALIGN (0x4)
                0x0000000008007410                __exidx_start = .
 *(.ARM.exidx*)
 .ARM.exidx     0x0000000008007410        0x8 C:/Users/steka/Desktop/Stuff/STM32CubeIDE_1.14.1/STM32CubeIDE/plugins/com.st.stm32cube.ide.mcu.externaltools.gnu-tools-for-stm32.11.3.rel1.win32_1.1.100.202309141235/tools/bin/../lib/gcc/arm-none-eabi/11.3.1/thumb/v7e-m+fp/hard\libgcc.a(_udivmoddi4.o)
                0x0000000008007418                __exidx_end = .
                0x0000000008007418                . = ALIGN (0x4)

.rel.dyn        0x0000000008007418        0x0
 .rel.iplt      0x0000000008007418        0x0 C:/Users/steka/Desktop/Stuff/STM32CubeIDE_1.14.1/STM32CubeIDE/plugins/com.st.stm32cube.ide.mcu.externaltools.gnu-tools-for-stm32.11.3.rel1.win32_1.1.100.202309141235/tools/bin/../lib/gcc/arm-none-eabi/11.3.1/thumb/v7e-m+fp/hard/crtbegin.o

.preinit_array  0x0000000008007418        0x0
                0x0000000008007418                . = ALIGN (0x4)
                0x0000000008007418                PROVIDE (__preinit_array_start = .)
 *(.preinit_array*)
                0x0000000008007418                PROVIDE (__preinit_array_end = .)
                0x0000000008007418                . = ALIGN (0x4)

.init_array     0x0000000008007418        0x4
                0x0000000008007418                . = ALIGN (0x4)
                0x0000000008007418                PROVIDE (__init_array_start = .)
 *(SORT_BY_NAME(.init_array.*))
 *(.init_array*)
 .init_array    0x0000000008007418        0x4 C:/Users/steka/Desktop/Stuff/STM32CubeIDE_1.14.1/STM32CubeIDE/plugins/com.st.stm32cube.ide.mcu.externaltools.gnu-tools-for-stm32.11.3.rel1.win32_1.1.100.202309141235/tools/bin/../lib/gcc/arm-none-eabi/11.3.1/thumb/v7e-m+fp/hard/crtbegin.o
                0x000000000800741c                PROVIDE (__init_array_end = .)
                0x000000000800741c                . = ALIGN (0x4)

.fini_array     0x000000000800741c        0x4
                0x000000000800741c                . = ALIGN (0x4)
                [!provide]                        PROVIDE (__fini_array_start = .)
 *(SORT_BY_NAME(.fini_array.*))
 *(.fini_array*)
 .fini_array    0x000000000800741c        0x4 C:/Users/steka/Desktop/Stuff/STM32CubeIDE_1.14.1/STM32CubeIDE/plugins/com.st.stm32cube.ide.mcu.externaltools.gnu-tools-for-stm32.11.3.rel1.win32_1.1.100.202309141235/tools/bin/../lib/gcc/arm-none-eabi/11.3.1/thumb/v7e-m+fp/hard/crtbegin.o
                [!provide]                        PROVIDE (__fini_array_end = .)
                0x0000000008007420                . = ALIGN (0x4)
                0x0000000008007420                _sidata = LOADADDR (.data)

.data           0x0000000020000000       0x74 load address 0x0000000008007420
                0x0000000020000000                . = ALIGN (0x4)
                0x0000000020000000                _sdata = .
 *(.data)
 *(.data*)
 .data.SystemCoreClock
                0x0000000020000000        0x4 ./Core/Src/system_stm32f4xx.o
                0x0000000020000000                SystemCoreClock
 .data.uwTickPrio
                0x0000000020000004        0x4 ./Drivers/STM32F4xx_HAL_Driver/Src/stm32f4xx_hal.o
                0x0000000020000004                uwTickPrio
 .data.uwTickFreq
                0x0000000020000008        0x1 ./Drivers/STM32F4xx_HAL_Driver/Src/stm32f4xx_hal.o
                0x0000000020000008                uwTickFreq
 *fill*         0x0000000020000009        0x3 
 .data.USER_Driver
                0x000000002000000c       0x14 ./FATFS/Target/user_diskio.o
                0x000000002000000c                USER_Driver
 .data.Stat     0x0000000020000020        0x1 ./FATFS/Target/user_diskio_spi.o
 *fill*         0x0000000020000021        0x3 
 .data._impure_data
                0x0000000020000024       0x4c C:/Users/steka/Desktop/Stuff/STM32CubeIDE_1.14.1/STM32CubeIDE/plugins/com.st.stm32cube.ide.mcu.externaltools.gnu-tools-for-stm32.11.3.rel1.win32_1.1.100.202309141235/tools/bin/../lib/gcc/arm-none-eabi/11.3.1/../../../../arm-none-eabi/lib/thumb/v7e-m+fp/hard\libc_nano.a(libc_a-impure.o)
                0x0000000020000024                _impure_data
 .data._impure_ptr
                0x0000000020000070        0x4 C:/Users/steka/Desktop/Stuff/STM32CubeIDE_1.14.1/STM32CubeIDE/plugins/com.st.stm32cube.ide.mcu.externaltools.gnu-tools-for-stm32.11.3.rel1.win32_1.1.100.202309141235/tools/bin/../lib/gcc/arm-none-eabi/11.3.1/../../../../arm-none-eabi/lib/thumb/v7e-m+fp/hard\libc_nano.a(libc_a-impure.o)
                0x0000000020000070                _impure_ptr
 *(.RamFunc)
 *(.RamFunc*)
                0x0000000020000074                . = ALIGN (0x4)
                0x0000000020000074                _edata = .

.igot.plt       0x0000000020000074        0x0 load address 0x0000000008007494
 .igot.plt      0x0000000020000074        0x0 C:/Users/steka/Desktop/Stuff/STM32CubeIDE_1.14.1/STM32CubeIDE/plugins/com.st.stm32cube.ide.mcu.externaltools.gnu-tools-for-stm32.11.3.rel1.win32_1.1.100.202309141235/tools/bin/../lib/gcc/arm-none-eabi/11.3.1/thumb/v7e-m+fp/hard/crtbegin.o
                0x0000000020000074                . = ALIGN (0x4)

.bss            0x0000000020000074      0x298 load address 0x0000000008007494
                0x0000000020000074                _sbss = .
                0x0000000020000074                __bss_start__ = _sbss
 *(.bss)
 .bss           0x0000000020000074       0x1c C:/Users/steka/Desktop/Stuff/STM32CubeIDE_1.14.1/STM32CubeIDE/plugins/com.st.stm32cube.ide.mcu.externaltools.gnu-tools-for-stm32.11.3.rel1.win32_1.1.100.202309141235/tools/bin/../lib/gcc/arm-none-eabi/11.3.1/thumb/v7e-m+fp/hard/crtbegin.o
 *(.bss*)
 .bss.hspi3     0x0000000020000090       0x58 ./Core/Src/main.o
                0x0000000020000090                hspi3
 .bss.htim3     0x00000000200000e8       0x48 ./Core/Src/main.o
                0x00000000200000e8                htim3
 .bss.huart2    0x0000000020000130       0x44 ./Core/Src/main.o
                0x0000000020000130                huart2
 .bss.__sbrk_heap_end
                0x0000000020000174        0x4 ./Core/Src/sysmem.o
 .bss.uwTick    0x0000000020000178        0x4 ./Drivers/STM32F4xx_HAL_Driver/Src/stm32f4xx_hal.o
                0x0000000020000178                uwTick
 .bss.retUSER   0x000000002000017c        0x1 ./FATFS/App/fatfs.o
                0x000000002000017c                retUSER
 *fill*         0x000000002000017d        0x3 
 .bss.USERPath  0x0000000020000180        0x4 ./FATFS/App/fatfs.o
                0x0000000020000180                USERPath
 .bss.CardType  0x0000000020000184        0x1 ./FATFS/Target/user_diskio_spi.o
 *fill*         0x0000000020000185        0x3 
 .bss.spiTimerTickStart
                0x0000000020000188        0x4 ./FATFS/Target/user_diskio_spi.o
                0x0000000020000188                spiTimerTickStart
 .bss.spiTimerTickDelay
                0x000000002000018c        0x4 ./FATFS/Target/user_diskio_spi.o
                0x000000002000018c                spiTimerTickDelay
 .bss.FatFs     0x0000000020000190        0x4 ./Middlewares/Third_Party/FatFs/src/ff.o
 .bss.Fsid      0x0000000020000194        0x2 ./Middlewares/Third_Party/FatFs/src/ff.o
 *fill*         0x0000000020000196        0x2 
 .bss.Files     0x0000000020000198       0x20 ./Middlewares/Third_Party/FatFs/src/ff.o
 .bss.disk      0x00000000200001b8        0xc ./Middlewares/Third_Party/FatFs/src/ff_gen_drv.o
                0x00000000200001b8                disk
 .bss.__sf      0x00000000200001c4      0x138 C:/Users/steka/Desktop/Stuff/STM32CubeIDE_1.14.1/STM32CubeIDE/plugins/com.st.stm32cube.ide.mcu.externaltools.gnu-tools-for-stm32.11.3.rel1.win32_1.1.100.202309141235/tools/bin/../lib/gcc/arm-none-eabi/11.3.1/../../../../arm-none-eabi/lib/thumb/v7e-m+fp/hard\libc_nano.a(libc_a-findfp.o)
                0x00000000200001c4                __sf
 .bss.errno     0x00000000200002fc        0x4 C:/Users/steka/Desktop/Stuff/STM32CubeIDE_1.14.1/STM32CubeIDE/plugins/com.st.stm32cube.ide.mcu.externaltools.gnu-tools-for-stm32.11.3.rel1.win32_1.1.100.202309141235/tools/bin/../lib/gcc/arm-none-eabi/11.3.1/../../../../arm-none-eabi/lib/thumb/v7e-m+fp/hard\libc_nano.a(libc_a-reent.o)
                0x00000000200002fc                errno
 .bss.__lock___malloc_recursive_mutex
                0x0000000020000300        0x1 C:/Users/steka/Desktop/Stuff/STM32CubeIDE_1.14.1/STM32CubeIDE/plugins/com.st.stm32cube.ide.mcu.externaltools.gnu-tools-for-stm32.11.3.rel1.win32_1.1.100.202309141235/tools/bin/../lib/gcc/arm-none-eabi/11.3.1/../../../../arm-none-eabi/lib/thumb/v7e-m+fp/hard\libc_nano.a(libc_a-lock.o)
                0x0000000020000300                __lock___malloc_recursive_mutex
 *fill*         0x0000000020000301        0x3 
 .bss.__malloc_free_list
                0x0000000020000304        0x4 C:/Users/steka/Desktop/Stuff/STM32CubeIDE_1.14.1/STM32CubeIDE/plugins/com.st.stm32cube.ide.mcu.externaltools.gnu-tools-for-stm32.11.3.rel1.win32_1.1.100.202309141235/tools/bin/../lib/gcc/arm-none-eabi/11.3.1/../../../../arm-none-eabi/lib/thumb/v7e-m+fp/hard\libc_nano.a(libc_a-mallocr.o)
                0x0000000020000304                __malloc_free_list
 .bss.__malloc_sbrk_start
                0x0000000020000308        0x4 C:/Users/steka/Desktop/Stuff/STM32CubeIDE_1.14.1/STM32CubeIDE/plugins/com.st.stm32cube.ide.mcu.externaltools.gnu-tools-for-stm32.11.3.rel1.win32_1.1.100.202309141235/tools/bin/../lib/gcc/arm-none-eabi/11.3.1/../../../../arm-none-eabi/lib/thumb/v7e-m+fp/hard\libc_nano.a(libc_a-mallocr.o)
                0x0000000020000308                __malloc_sbrk_start
 *(COMMON)
                0x000000002000030c                . = ALIGN (0x4)
                0x000000002000030c                _ebss = .
                0x000000002000030c                __bss_end__ = _ebss

._user_heap_stack
                0x000000002000030c      0x604 load address 0x0000000008007494
                0x0000000020000310                . = ALIGN (0x8)
 *fill*         0x000000002000030c        0x4 
                [!provide]                        PROVIDE (end = .)
                0x0000000020000310                PROVIDE (_end = .)
                0x0000000020000510                . = (. + _Min_Heap_Size)
 *fill*         0x0000000020000310      0x200 
                0x0000000020000910                . = (. + _Min_Stack_Size)
 *fill*         0x0000000020000510      0x400 
                0x0000000020000910                . = ALIGN (0x8)

/DISCARD/
 libc.a(*)
 libm.a(*)
 libgcc.a(*)

.ARM.attributes
                0x0000000000000000       0x30
 *(.ARM.attributes)
 .ARM.attributes
                0x0000000000000000       0x1e C:/Users/steka/Desktop/Stuff/STM32CubeIDE_1.14.1/STM32CubeIDE/plugins/com.st.stm32cube.ide.mcu.externaltools.gnu-tools-for-stm32.11.3.rel1.win32_1.1.100.202309141235/tools/bin/../lib/gcc/arm-none-eabi/11.3.1/thumb/v7e-m+fp/hard/crti.o
 .ARM.attributes
                0x000000000000001e       0x34 C:/Users/steka/Desktop/Stuff/STM32CubeIDE_1.14.1/STM32CubeIDE/plugins/com.st.stm32cube.ide.mcu.externaltools.gnu-tools-for-stm32.11.3.rel1.win32_1.1.100.202309141235/tools/bin/../lib/gcc/arm-none-eabi/11.3.1/thumb/v7e-m+fp/hard/crtbegin.o
 .ARM.attributes
                0x0000000000000052       0x34 ./Core/Src/main.o
 .ARM.attributes
                0x0000000000000086       0x34 ./Core/Src/stm32f4xx_hal_msp.o
 .ARM.attributes
                0x00000000000000ba       0x34 ./Core/Src/stm32f4xx_it.o
 .ARM.attributes
                0x00000000000000ee       0x34 ./Core/Src/sysmem.o
 .ARM.attributes
                0x0000000000000122       0x34 ./Core/Src/system_stm32f4xx.o
 .ARM.attributes
                0x0000000000000156       0x21 ./Core/Startup/startup_stm32f401retx.o
 .ARM.attributes
                0x0000000000000177       0x34 ./Drivers/STM32F4xx_HAL_Driver/Src/stm32f4xx_hal.o
 .ARM.attributes
                0x00000000000001ab       0x34 ./Drivers/STM32F4xx_HAL_Driver/Src/stm32f4xx_hal_cortex.o
 .ARM.attributes
                0x00000000000001df       0x34 ./Drivers/STM32F4xx_HAL_Driver/Src/stm32f4xx_hal_gpio.o
 .ARM.attributes
                0x0000000000000213       0x34 ./Drivers/STM32F4xx_HAL_Driver/Src/stm32f4xx_hal_rcc.o
 .ARM.attributes
                0x0000000000000247       0x34 ./Drivers/STM32F4xx_HAL_Driver/Src/stm32f4xx_hal_spi.o
 .ARM.attributes
                0x000000000000027b       0x34 ./Drivers/STM32F4xx_HAL_Driver/Src/stm32f4xx_hal_tim.o
 .ARM.attributes
                0x00000000000002af       0x34 ./Drivers/STM32F4xx_HAL_Driver/Src/stm32f4xx_hal_tim_ex.o
 .ARM.attributes
                0x00000000000002e3       0x34 ./Drivers/STM32F4xx_HAL_Driver/Src/stm32f4xx_hal_uart.o
 .ARM.attributes
                0x0000000000000317       0x34 ./FATFS/App/fatfs.o
 .ARM.attributes
                0x000000000000034b       0x34 ./FATFS/Target/user_diskio.o
 .ARM.attributes
                0x000000000000037f       0x34 ./FATFS/Target/user_diskio_spi.o
 .ARM.attributes
                0x00000000000003b3       0x34 ./Middlewares/Third_Party/FatFs/src/diskio.o
 .ARM.attributes
                0x00000000000003e7       0x34 ./Middlewares/Third_Party/FatFs/src/ff.o
 .ARM.attributes
                0x000000000000041b       0x34 ./Middlewares/Third_Party/FatFs/src/ff_gen_drv.o
 .ARM.attributes
                0x000000000000044f       0x34 C:/Users/steka/Desktop/Stuff/STM32CubeIDE_1.14.1/STM32CubeIDE/plugins/com.st.stm32cube.ide.mcu.externaltools.gnu-tools-for-stm32.11.3.rel1.win32_1.1.100.202309141235/tools/bin/../lib/gcc/arm-none-eabi/11.3.1/../../../../arm-none-eabi/lib/thumb/v7e-m+fp/hard\libc_nano.a(libc_a-findfp.o)
 .ARM.attributes
                0x0000000000000483       0x34 C:/Users/steka/Desktop/Stuff/STM32CubeIDE_1.14.1/STM32CubeIDE/plugins/com.st.stm32cube.ide.mcu.externaltools.gnu-tools-for-stm32.11.3.rel1.win32_1.1.100.202309141235/tools/bin/../lib/gcc/arm-none-eabi/11.3.1/../../../../arm-none-eabi/lib/thumb/v7e-m+fp/hard\libc_nano.a(libc_a-sprintf.o)
 .ARM.attributes
                0x00000000000004b7       0x34 C:/Users/steka/Desktop/Stuff/STM32CubeIDE_1.14.1/STM32CubeIDE/plugins/com.st.stm32cube.ide.mcu.externaltools.gnu-tools-for-stm32.11.3.rel1.win32_1.1.100.202309141235/tools/bin/../lib/gcc/arm-none-eabi/11.3.1/../../../../arm-none-eabi/lib/thumb/v7e-m+fp/hard\libc_nano.a(libc_a-memset.o)
 .ARM.attributes
                0x00000000000004eb       0x34 C:/Users/steka/Desktop/Stuff/STM32CubeIDE_1.14.1/STM32CubeIDE/plugins/com.st.stm32cube.ide.mcu.externaltools.gnu-tools-for-stm32.11.3.rel1.win32_1.1.100.202309141235/tools/bin/../lib/gcc/arm-none-eabi/11.3.1/../../../../arm-none-eabi/lib/thumb/v7e-m+fp/hard\libc_nano.a(libc_a-reent.o)
 .ARM.attributes
                0x000000000000051f       0x34 C:/Users/steka/Desktop/Stuff/STM32CubeIDE_1.14.1/STM32CubeIDE/plugins/com.st.stm32cube.ide.mcu.externaltools.gnu-tools-for-stm32.11.3.rel1.win32_1.1.100.202309141235/tools/bin/../lib/gcc/arm-none-eabi/11.3.1/../../../../arm-none-eabi/lib/thumb/v7e-m+fp/hard\libc_nano.a(libc_a-impure.o)
 .ARM.attributes
                0x0000000000000553       0x34 C:/Users/steka/Desktop/Stuff/STM32CubeIDE_1.14.1/STM32CubeIDE/plugins/com.st.stm32cube.ide.mcu.externaltools.gnu-tools-for-stm32.11.3.rel1.win32_1.1.100.202309141235/tools/bin/../lib/gcc/arm-none-eabi/11.3.1/../../../../arm-none-eabi/lib/thumb/v7e-m+fp/hard\libc_nano.a(libc_a-errno.o)
 .ARM.attributes
                0x0000000000000587       0x34 C:/Users/steka/Desktop/Stuff/STM32CubeIDE_1.14.1/STM32CubeIDE/plugins/com.st.stm32cube.ide.mcu.externaltools.gnu-tools-for-stm32.11.3.rel1.win32_1.1.100.202309141235/tools/bin/../lib/gcc/arm-none-eabi/11.3.1/../../../../arm-none-eabi/lib/thumb/v7e-m+fp/hard\libc_nano.a(libc_a-init.o)
 .ARM.attributes
                0x00000000000005bb       0x34 C:/Users/steka/Desktop/Stuff/STM32CubeIDE_1.14.1/STM32CubeIDE/plugins/com.st.stm32cube.ide.mcu.externaltools.gnu-tools-for-stm32.11.3.rel1.win32_1.1.100.202309141235/tools/bin/../lib/gcc/arm-none-eabi/11.3.1/../../../../arm-none-eabi/lib/thumb/v7e-m+fp/hard\libc_nano.a(libc_a-lock.o)
 .ARM.attributes
                0x00000000000005ef       0x17 C:/Users/steka/Desktop/Stuff/STM32CubeIDE_1.14.1/STM32CubeIDE/plugins/com.st.stm32cube.ide.mcu.externaltools.gnu-tools-for-stm32.11.3.rel1.win32_1.1.100.202309141235/tools/bin/../lib/gcc/arm-none-eabi/11.3.1/../../../../arm-none-eabi/lib/thumb/v7e-m+fp/hard\libc_nano.a(libc_a-strlen.o)
 .ARM.attributes
                0x0000000000000606       0x34 C:/Users/steka/Desktop/Stuff/STM32CubeIDE_1.14.1/STM32CubeIDE/plugins/com.st.stm32cube.ide.mcu.externaltools.gnu-tools-for-stm32.11.3.rel1.win32_1.1.100.202309141235/tools/bin/../lib/gcc/arm-none-eabi/11.3.1/../../../../arm-none-eabi/lib/thumb/v7e-m+fp/hard\libc_nano.a(libc_a-freer.o)
 .ARM.attributes
                0x000000000000063a       0x34 C:/Users/steka/Desktop/Stuff/STM32CubeIDE_1.14.1/STM32CubeIDE/plugins/com.st.stm32cube.ide.mcu.externaltools.gnu-tools-for-stm32.11.3.rel1.win32_1.1.100.202309141235/tools/bin/../lib/gcc/arm-none-eabi/11.3.1/../../../../arm-none-eabi/lib/thumb/v7e-m+fp/hard\libc_nano.a(libc_a-mallocr.o)
 .ARM.attributes
                0x000000000000066e       0x34 C:/Users/steka/Desktop/Stuff/STM32CubeIDE_1.14.1/STM32CubeIDE/plugins/com.st.stm32cube.ide.mcu.externaltools.gnu-tools-for-stm32.11.3.rel1.win32_1.1.100.202309141235/tools/bin/../lib/gcc/arm-none-eabi/11.3.1/../../../../arm-none-eabi/lib/thumb/v7e-m+fp/hard\libc_nano.a(libc_a-mlock.o)
 .ARM.attributes
                0x00000000000006a2       0x34 C:/Users/steka/Desktop/Stuff/STM32CubeIDE_1.14.1/STM32CubeIDE/plugins/com.st.stm32cube.ide.mcu.externaltools.gnu-tools-for-stm32.11.3.rel1.win32_1.1.100.202309141235/tools/bin/../lib/gcc/arm-none-eabi/11.3.1/../../../../arm-none-eabi/lib/thumb/v7e-m+fp/hard\libc_nano.a(libc_a-nano-svfprintf.o)
 .ARM.attributes
                0x00000000000006d6       0x34 C:/Users/steka/Desktop/Stuff/STM32CubeIDE_1.14.1/STM32CubeIDE/plugins/com.st.stm32cube.ide.mcu.externaltools.gnu-tools-for-stm32.11.3.rel1.win32_1.1.100.202309141235/tools/bin/../lib/gcc/arm-none-eabi/11.3.1/../../../../arm-none-eabi/lib/thumb/v7e-m+fp/hard\libc_nano.a(libc_a-nano-vfprintf_i.o)
 .ARM.attributes
                0x000000000000070a       0x34 C:/Users/steka/Desktop/Stuff/STM32CubeIDE_1.14.1/STM32CubeIDE/plugins/com.st.stm32cube.ide.mcu.externaltools.gnu-tools-for-stm32.11.3.rel1.win32_1.1.100.202309141235/tools/bin/../lib/gcc/arm-none-eabi/11.3.1/../../../../arm-none-eabi/lib/thumb/v7e-m+fp/hard\libc_nano.a(libc_a-memmove.o)
 .ARM.attributes
                0x000000000000073e       0x34 C:/Users/steka/Desktop/Stuff/STM32CubeIDE_1.14.1/STM32CubeIDE/plugins/com.st.stm32cube.ide.mcu.externaltools.gnu-tools-for-stm32.11.3.rel1.win32_1.1.100.202309141235/tools/bin/../lib/gcc/arm-none-eabi/11.3.1/../../../../arm-none-eabi/lib/thumb/v7e-m+fp/hard\libc_nano.a(libc_a-sbrkr.o)
 .ARM.attributes
                0x0000000000000772       0x1c C:/Users/steka/Desktop/Stuff/STM32CubeIDE_1.14.1/STM32CubeIDE/plugins/com.st.stm32cube.ide.mcu.externaltools.gnu-tools-for-stm32.11.3.rel1.win32_1.1.100.202309141235/tools/bin/../lib/gcc/arm-none-eabi/11.3.1/../../../../arm-none-eabi/lib/thumb/v7e-m+fp/hard\libc_nano.a(libc_a-memchr.o)
 .ARM.attributes
                0x000000000000078e       0x34 C:/Users/steka/Desktop/Stuff/STM32CubeIDE_1.14.1/STM32CubeIDE/plugins/com.st.stm32cube.ide.mcu.externaltools.gnu-tools-for-stm32.11.3.rel1.win32_1.1.100.202309141235/tools/bin/../lib/gcc/arm-none-eabi/11.3.1/../../../../arm-none-eabi/lib/thumb/v7e-m+fp/hard\libc_nano.a(libc_a-memcpy-stub.o)
 .ARM.attributes
                0x00000000000007c2       0x34 C:/Users/steka/Desktop/Stuff/STM32CubeIDE_1.14.1/STM32CubeIDE/plugins/com.st.stm32cube.ide.mcu.externaltools.gnu-tools-for-stm32.11.3.rel1.win32_1.1.100.202309141235/tools/bin/../lib/gcc/arm-none-eabi/11.3.1/../../../../arm-none-eabi/lib/thumb/v7e-m+fp/hard\libc_nano.a(libc_a-reallocr.o)
 .ARM.attributes
                0x00000000000007f6       0x34 C:/Users/steka/Desktop/Stuff/STM32CubeIDE_1.14.1/STM32CubeIDE/plugins/com.st.stm32cube.ide.mcu.externaltools.gnu-tools-for-stm32.11.3.rel1.win32_1.1.100.202309141235/tools/bin/../lib/gcc/arm-none-eabi/11.3.1/../../../../arm-none-eabi/lib/thumb/v7e-m+fp/hard\libc_nano.a(libc_a-msizer.o)
 .ARM.attributes
                0x000000000000082a       0x1e C:/Users/steka/Desktop/Stuff/STM32CubeIDE_1.14.1/STM32CubeIDE/plugins/com.st.stm32cube.ide.mcu.externaltools.gnu-tools-for-stm32.11.3.rel1.win32_1.1.100.202309141235/tools/bin/../lib/gcc/arm-none-eabi/11.3.1/thumb/v7e-m+fp/hard\libgcc.a(_aeabi_uldivmod.o)
 .ARM.attributes
                0x0000000000000848       0x34 C:/Users/steka/Desktop/Stuff/STM32CubeIDE_1.14.1/STM32CubeIDE/plugins/com.st.stm32cube.ide.mcu.externaltools.gnu-tools-for-stm32.11.3.rel1.win32_1.1.100.202309141235/tools/bin/../lib/gcc/arm-none-eabi/11.3.1/thumb/v7e-m+fp/hard\libgcc.a(_udivmoddi4.o)
 .ARM.attributes
                0x000000000000087c       0x1e C:/Users/steka/Desktop/Stuff/STM32CubeIDE_1.14.1/STM32CubeIDE/plugins/com.st.stm32cube.ide.mcu.externaltools.gnu-tools-for-stm32.11.3.rel1.win32_1.1.100.202309141235/tools/bin/../lib/gcc/arm-none-eabi/11.3.1/thumb/v7e-m+fp/hard\libgcc.a(_dvmd_tls.o)
 .ARM.attributes
                0x000000000000089a       0x1e C:/Users/steka/Desktop/Stuff/STM32CubeIDE_1.14.1/STM32CubeIDE/plugins/com.st.stm32cube.ide.mcu.externaltools.gnu-tools-for-stm32.11.3.rel1.win32_1.1.100.202309141235/tools/bin/../lib/gcc/arm-none-eabi/11.3.1/thumb/v7e-m+fp/hard/crtn.o
OUTPUT(ece198.elf elf32-littlearm)
LOAD linker stubs
LOAD C:/Users/steka/Desktop/Stuff/STM32CubeIDE_1.14.1/STM32CubeIDE/plugins/com.st.stm32cube.ide.mcu.externaltools.gnu-tools-for-stm32.11.3.rel1.win32_1.1.100.202309141235/tools/bin/../lib/gcc/arm-none-eabi/11.3.1/../../../../arm-none-eabi/lib/thumb/v7e-m+fp/hard\libc.a
LOAD C:/Users/steka/Desktop/Stuff/STM32CubeIDE_1.14.1/STM32CubeIDE/plugins/com.st.stm32cube.ide.mcu.externaltools.gnu-tools-for-stm32.11.3.rel1.win32_1.1.100.202309141235/tools/bin/../lib/gcc/arm-none-eabi/11.3.1/../../../../arm-none-eabi/lib/thumb/v7e-m+fp/hard\libm.a
LOAD C:/Users/steka/Desktop/Stuff/STM32CubeIDE_1.14.1/STM32CubeIDE/plugins/com.st.stm32cube.ide.mcu.externaltools.gnu-tools-for-stm32.11.3.rel1.win32_1.1.100.202309141235/tools/bin/../lib/gcc/arm-none-eabi/11.3.1/thumb/v7e-m+fp/hard\libgcc.a

.comment        0x0000000000000000       0x43
 .comment       0x0000000000000000       0x43 C:/Users/steka/Desktop/Stuff/STM32CubeIDE_1.14.1/STM32CubeIDE/plugins/com.st.stm32cube.ide.mcu.externaltools.gnu-tools-for-stm32.11.3.rel1.win32_1.1.100.202309141235/tools/bin/../lib/gcc/arm-none-eabi/11.3.1/thumb/v7e-m+fp/hard/crtbegin.o
                                         0x44 (size before relaxing)
 .comment       0x0000000000000043       0x44 ./Core/Src/main.o
 .comment       0x0000000000000043       0x44 ./Core/Src/stm32f4xx_hal_msp.o
 .comment       0x0000000000000043       0x44 ./Core/Src/stm32f4xx_it.o
 .comment       0x0000000000000043       0x44 ./Core/Src/sysmem.o
 .comment       0x0000000000000043       0x44 ./Core/Src/system_stm32f4xx.o
 .comment       0x0000000000000043       0x44 ./Drivers/STM32F4xx_HAL_Driver/Src/stm32f4xx_hal.o
 .comment       0x0000000000000043       0x44 ./Drivers/STM32F4xx_HAL_Driver/Src/stm32f4xx_hal_cortex.o
 .comment       0x0000000000000043       0x44 ./Drivers/STM32F4xx_HAL_Driver/Src/stm32f4xx_hal_gpio.o
 .comment       0x0000000000000043       0x44 ./Drivers/STM32F4xx_HAL_Driver/Src/stm32f4xx_hal_rcc.o
 .comment       0x0000000000000043       0x44 ./Drivers/STM32F4xx_HAL_Driver/Src/stm32f4xx_hal_spi.o
 .comment       0x0000000000000043       0x44 ./Drivers/STM32F4xx_HAL_Driver/Src/stm32f4xx_hal_tim.o
 .comment       0x0000000000000043       0x44 ./Drivers/STM32F4xx_HAL_Driver/Src/stm32f4xx_hal_tim_ex.o
 .comment       0x0000000000000043       0x44 ./Drivers/STM32F4xx_HAL_Driver/Src/stm32f4xx_hal_uart.o
 .comment       0x0000000000000043       0x44 ./FATFS/App/fatfs.o
 .comment       0x0000000000000043       0x44 ./FATFS/Target/user_diskio.o
 .comment       0x0000000000000043       0x44 ./FATFS/Target/user_diskio_spi.o
 .comment       0x0000000000000043       0x44 ./Middlewares/Third_Party/FatFs/src/diskio.o
 .comment       0x0000000000000043       0x44 ./Middlewares/Third_Party/FatFs/src/ff.o
 .comment       0x0000000000000043       0x44 ./Middlewares/Third_Party/FatFs/src/ff_gen_drv.o

.debug_info     0x0000000000000000    0x11b18
 .debug_info    0x0000000000000000     0x1c41 ./Core/Src/main.o
 .debug_info    0x0000000000001c41     0x1022 ./Core/Src/stm32f4xx_hal_msp.o
 .debug_info    0x0000000000002c63      0x112 ./Core/Src/stm32f4xx_it.o
 .debug_info    0x0000000000002d75      0x168 ./Core/Src/sysmem.o
 .debug_info    0x0000000000002edd      0x53e ./Core/Src/system_stm32f4xx.o
 .debug_info    0x000000000000341b       0x23 ./Core/Startup/startup_stm32f401retx.o
 .debug_info    0x000000000000343e      0x8bb ./Drivers/STM32F4xx_HAL_Driver/Src/stm32f4xx_hal.o
 .debug_info    0x0000000000003cf9      0xcb0 ./Drivers/STM32F4xx_HAL_Driver/Src/stm32f4xx_hal_cortex.o
 .debug_info    0x00000000000049a9      0x6f9 ./Drivers/STM32F4xx_HAL_Driver/Src/stm32f4xx_hal_gpio.o
 .debug_info    0x00000000000050a2      0x8f3 ./Drivers/STM32F4xx_HAL_Driver/Src/stm32f4xx_hal_rcc.o
 .debug_info    0x0000000000005995     0x1606 ./Drivers/STM32F4xx_HAL_Driver/Src/stm32f4xx_hal_spi.o
 .debug_info    0x0000000000006f9b     0x2941 ./Drivers/STM32F4xx_HAL_Driver/Src/stm32f4xx_hal_tim.o
 .debug_info    0x00000000000098dc     0x14a7 ./Drivers/STM32F4xx_HAL_Driver/Src/stm32f4xx_hal_tim_ex.o
 .debug_info    0x000000000000ad83     0x2fbf ./Drivers/STM32F4xx_HAL_Driver/Src/stm32f4xx_hal_uart.o
 .debug_info    0x000000000000dd42      0x4d9 ./FATFS/App/fatfs.o
 .debug_info    0x000000000000e21b      0x3aa ./FATFS/Target/user_diskio.o
 .debug_info    0x000000000000e5c5      0xc18 ./FATFS/Target/user_diskio_spi.o
 .debug_info    0x000000000000f1dd      0x3df ./Middlewares/Third_Party/FatFs/src/diskio.o
 .debug_info    0x000000000000f5bc     0x21dd ./Middlewares/Third_Party/FatFs/src/ff.o
 .debug_info    0x0000000000011799      0x37f ./Middlewares/Third_Party/FatFs/src/ff_gen_drv.o

.debug_abbrev   0x0000000000000000     0x2878
 .debug_abbrev  0x0000000000000000      0x3fb ./Core/Src/main.o
 .debug_abbrev  0x00000000000003fb      0x21d ./Core/Src/stm32f4xx_hal_msp.o
 .debug_abbrev  0x0000000000000618       0x73 ./Core/Src/stm32f4xx_it.o
 .debug_abbrev  0x000000000000068b       0xbc ./Core/Src/sysmem.o
 .debug_abbrev  0x0000000000000747      0x11a ./Core/Src/system_stm32f4xx.o
 .debug_abbrev  0x0000000000000861       0x12 ./Core/Startup/startup_stm32f401retx.o
 .debug_abbrev  0x0000000000000873      0x24b ./Drivers/STM32F4xx_HAL_Driver/Src/stm32f4xx_hal.o
 .debug_abbrev  0x0000000000000abe      0x327 ./Drivers/STM32F4xx_HAL_Driver/Src/stm32f4xx_hal_cortex.o
 .debug_abbrev  0x0000000000000de5      0x1d3 ./Drivers/STM32F4xx_HAL_Driver/Src/stm32f4xx_hal_gpio.o
 .debug_abbrev  0x0000000000000fb8      0x2b5 ./Drivers/STM32F4xx_HAL_Driver/Src/stm32f4xx_hal_rcc.o
 .debug_abbrev  0x000000000000126d      0x280 ./Drivers/STM32F4xx_HAL_Driver/Src/stm32f4xx_hal_spi.o
 .debug_abbrev  0x00000000000014ed      0x284 ./Drivers/STM32F4xx_HAL_Driver/Src/stm32f4xx_hal_tim.o
 .debug_abbrev  0x0000000000001771      0x28f ./Drivers/STM32F4xx_HAL_Driver/Src/stm32f4xx_hal_tim_ex.o
 .debug_abbrev  0x0000000000001a00      0x31b ./Drivers/STM32F4xx_HAL_Driver/Src/stm32f4xx_hal_uart.o
 .debug_abbrev  0x0000000000001d1b      0x160 ./FATFS/App/fatfs.o
 .debug_abbrev  0x0000000000001e7b      0x143 ./FATFS/Target/user_diskio.o
 .debug_abbrev  0x0000000000001fbe      0x318 ./FATFS/Target/user_diskio_spi.o
 .debug_abbrev  0x00000000000022d6      0x181 ./Middlewares/Third_Party/FatFs/src/diskio.o
 .debug_abbrev  0x0000000000002457      0x282 ./Middlewares/Third_Party/FatFs/src/ff.o
 .debug_abbrev  0x00000000000026d9      0x19f ./Middlewares/Third_Party/FatFs/src/ff_gen_drv.o

.debug_aranges  0x0000000000000000     0x1188
 .debug_aranges
                0x0000000000000000       0xe0 ./Core/Src/main.o
 .debug_aranges
                0x00000000000000e0       0x58 ./Core/Src/stm32f4xx_hal_msp.o
 .debug_aranges
                0x0000000000000138       0x60 ./Core/Src/stm32f4xx_it.o
 .debug_aranges
                0x0000000000000198       0x20 ./Core/Src/sysmem.o
 .debug_aranges
                0x00000000000001b8       0x28 ./Core/Src/system_stm32f4xx.o
 .debug_aranges
                0x00000000000001e0       0x28 ./Core/Startup/startup_stm32f401retx.o
 .debug_aranges
                0x0000000000000208       0xf0 ./Drivers/STM32F4xx_HAL_Driver/Src/stm32f4xx_hal.o
 .debug_aranges
                0x00000000000002f8      0x118 ./Drivers/STM32F4xx_HAL_Driver/Src/stm32f4xx_hal_cortex.o
 .debug_aranges
                0x0000000000000410       0x58 ./Drivers/STM32F4xx_HAL_Driver/Src/stm32f4xx_hal_gpio.o
 .debug_aranges
                0x0000000000000468       0x88 ./Drivers/STM32F4xx_HAL_Driver/Src/stm32f4xx_hal_rcc.o
 .debug_aranges
                0x00000000000004f0      0x1d0 ./Drivers/STM32F4xx_HAL_Driver/Src/stm32f4xx_hal_spi.o
 .debug_aranges
                0x00000000000006c0      0x3d0 ./Drivers/STM32F4xx_HAL_Driver/Src/stm32f4xx_hal_tim.o
 .debug_aranges
                0x0000000000000a90      0x168 ./Drivers/STM32F4xx_HAL_Driver/Src/stm32f4xx_hal_tim_ex.o
 .debug_aranges
                0x0000000000000bf8      0x200 ./Drivers/STM32F4xx_HAL_Driver/Src/stm32f4xx_hal_uart.o
 .debug_aranges
                0x0000000000000df8       0x28 ./FATFS/App/fatfs.o
 .debug_aranges
                0x0000000000000e20       0x40 ./FATFS/Target/user_diskio.o
 .debug_aranges
                0x0000000000000e60       0x98 ./FATFS/Target/user_diskio_spi.o
 .debug_aranges
                0x0000000000000ef8       0x48 ./Middlewares/Third_Party/FatFs/src/diskio.o
 .debug_aranges
                0x0000000000000f40      0x208 ./Middlewares/Third_Party/FatFs/src/ff.o
 .debug_aranges
                0x0000000000001148       0x40 ./Middlewares/Third_Party/FatFs/src/ff_gen_drv.o

.debug_rnglists
                0x0000000000000000      0xdad
 .debug_rnglists
                0x0000000000000000       0xa9 ./Core/Src/main.o
 .debug_rnglists
                0x00000000000000a9       0x3f ./Core/Src/stm32f4xx_hal_msp.o
 .debug_rnglists
                0x00000000000000e8       0x43 ./Core/Src/stm32f4xx_it.o
 .debug_rnglists
                0x000000000000012b       0x13 ./Core/Src/sysmem.o
 .debug_rnglists
                0x000000000000013e       0x1a ./Core/Src/system_stm32f4xx.o
 .debug_rnglists
                0x0000000000000158       0x19 ./Core/Startup/startup_stm32f401retx.o
 .debug_rnglists
                0x0000000000000171       0xaf ./Drivers/STM32F4xx_HAL_Driver/Src/stm32f4xx_hal.o
 .debug_rnglists
                0x0000000000000220       0xce ./Drivers/STM32F4xx_HAL_Driver/Src/stm32f4xx_hal_cortex.o
 .debug_rnglists
                0x00000000000002ee       0x3f ./Drivers/STM32F4xx_HAL_Driver/Src/stm32f4xx_hal_gpio.o
 .debug_rnglists
                0x000000000000032d       0x66 ./Drivers/STM32F4xx_HAL_Driver/Src/stm32f4xx_hal_rcc.o
 .debug_rnglists
                0x0000000000000393      0x16f ./Drivers/STM32F4xx_HAL_Driver/Src/stm32f4xx_hal_spi.o
 .debug_rnglists
                0x0000000000000502      0x31a ./Drivers/STM32F4xx_HAL_Driver/Src/stm32f4xx_hal_tim.o
 .debug_rnglists
                0x000000000000081c      0x125 ./Drivers/STM32F4xx_HAL_Driver/Src/stm32f4xx_hal_tim_ex.o
 .debug_rnglists
                0x0000000000000941      0x1b7 ./Drivers/STM32F4xx_HAL_Driver/Src/stm32f4xx_hal_uart.o
 .debug_rnglists
                0x0000000000000af8       0x19 ./FATFS/App/fatfs.o
 .debug_rnglists
                0x0000000000000b11       0x2b ./FATFS/Target/user_diskio.o
 .debug_rnglists
                0x0000000000000b3c       0x72 ./FATFS/Target/user_diskio_spi.o
 .debug_rnglists
                0x0000000000000bae       0x31 ./Middlewares/Third_Party/FatFs/src/diskio.o
 .debug_rnglists
                0x0000000000000bdf      0x1a2 ./Middlewares/Third_Party/FatFs/src/ff.o
 .debug_rnglists
                0x0000000000000d81       0x2c ./Middlewares/Third_Party/FatFs/src/ff_gen_drv.o

.debug_macro    0x0000000000000000    0x1849f
 .debug_macro   0x0000000000000000      0x3d9 ./Core/Src/main.o
 .debug_macro   0x00000000000003d9      0xaa8 ./Core/Src/main.o
 .debug_macro   0x0000000000000e81      0x2a1 ./Core/Src/main.o
 .debug_macro   0x0000000000001122       0x2e ./Core/Src/main.o
 .debug_macro   0x0000000000001150       0x28 ./Core/Src/main.o
 .debug_macro   0x0000000000001178       0x22 ./Core/Src/main.o
 .debug_macro   0x000000000000119a       0x8e ./Core/Src/main.o
 .debug_macro   0x0000000000001228       0x51 ./Core/Src/main.o
 .debug_macro   0x0000000000001279      0x103 ./Core/Src/main.o
 .debug_macro   0x000000000000137c       0x6a ./Core/Src/main.o
 .debug_macro   0x00000000000013e6      0x1df ./Core/Src/main.o
 .debug_macro   0x00000000000015c5       0x1c ./Core/Src/main.o
 .debug_macro   0x00000000000015e1       0x22 ./Core/Src/main.o
 .debug_macro   0x0000000000001603       0xd9 ./Core/Src/main.o
 .debug_macro   0x00000000000016dc     0x102d ./Core/Src/main.o
 .debug_macro   0x0000000000002709      0x11f ./Core/Src/main.o
 .debug_macro   0x0000000000002828     0xb86c ./Core/Src/main.o
 .debug_macro   0x000000000000e094       0x6d ./Core/Src/main.o
 .debug_macro   0x000000000000e101     0x367e ./Core/Src/main.o
 .debug_macro   0x000000000001177f      0x174 ./Core/Src/main.o
 .debug_macro   0x00000000000118f3       0x5c ./Core/Src/main.o
 .debug_macro   0x000000000001194f      0x416 ./Core/Src/main.o
 .debug_macro   0x0000000000011d65      0x9fe ./Core/Src/main.o
 .debug_macro   0x0000000000012763      0x115 ./Core/Src/main.o
 .debug_macro   0x0000000000012878       0xf8 ./Core/Src/main.o
 .debug_macro   0x0000000000012970       0xa5 ./Core/Src/main.o
 .debug_macro   0x0000000000012a15      0x15f ./Core/Src/main.o
 .debug_macro   0x0000000000012b74      0x287 ./Core/Src/main.o
 .debug_macro   0x0000000000012dfb       0x5f ./Core/Src/main.o
 .debug_macro   0x0000000000012e5a      0x236 ./Core/Src/main.o
 .debug_macro   0x0000000000013090      0x132 ./Core/Src/main.o
 .debug_macro   0x00000000000131c2      0x264 ./Core/Src/main.o
 .debug_macro   0x0000000000013426       0x2e ./Core/Src/main.o
 .debug_macro   0x0000000000013454      0x11a ./Core/Src/main.o
 .debug_macro   0x000000000001356e       0x85 ./Core/Src/main.o
 .debug_macro   0x00000000000135f3       0x89 ./Core/Src/main.o
 .debug_macro   0x000000000001367c      0x225 ./Core/Src/main.o
 .debug_macro   0x00000000000138a1      0x8e6 ./Core/Src/main.o
 .debug_macro   0x0000000000014187       0x47 ./Core/Src/main.o
 .debug_macro   0x00000000000141ce      0x295 ./Core/Src/main.o
 .debug_macro   0x0000000000014463      0x126 ./Core/Src/main.o
 .debug_macro   0x0000000000014589       0x9a ./Core/Src/main.o
 .debug_macro   0x0000000000014623       0xeb ./Core/Src/main.o
 .debug_macro   0x000000000001470e       0x2a ./Core/Src/main.o
 .debug_macro   0x0000000000014738       0x61 ./Core/Src/main.o
 .debug_macro   0x0000000000014799       0x43 ./Core/Src/main.o
 .debug_macro   0x00000000000147dc       0x34 ./Core/Src/main.o
 .debug_macro   0x0000000000014810       0x16 ./Core/Src/main.o
 .debug_macro   0x0000000000014826       0x35 ./Core/Src/main.o
 .debug_macro   0x000000000001485b       0x16 ./Core/Src/main.o
 .debug_macro   0x0000000000014871       0x43 ./Core/Src/main.o
 .debug_macro   0x00000000000148b4       0x34 ./Core/Src/main.o
 .debug_macro   0x00000000000148e8       0x10 ./Core/Src/main.o
 .debug_macro   0x00000000000148f8       0x58 ./Core/Src/main.o
 .debug_macro   0x0000000000014950       0x8e ./Core/Src/main.o
 .debug_macro   0x00000000000149de       0x1c ./Core/Src/main.o
 .debug_macro   0x00000000000149fa      0x177 ./Core/Src/main.o
 .debug_macro   0x0000000000014b71      0x369 ./Core/Src/main.o
 .debug_macro   0x0000000000014eda       0x16 ./Core/Src/main.o
 .debug_macro   0x0000000000014ef0       0x29 ./Core/Src/main.o
 .debug_macro   0x0000000000014f19       0x12 ./Core/Src/main.o
 .debug_macro   0x0000000000014f2b       0xe2 ./Core/Src/main.o
 .debug_macro   0x000000000001500d       0x8e ./Core/Src/main.o
 .debug_macro   0x000000000001509b       0x16 ./Core/Src/main.o
 .debug_macro   0x00000000000150b1       0x20 ./Core/Src/main.o
 .debug_macro   0x00000000000150d1       0x22 ./Core/Src/main.o
 .debug_macro   0x00000000000150f3       0x1c ./Core/Src/main.o
 .debug_macro   0x000000000001510f       0x10 ./Core/Src/main.o
 .debug_macro   0x000000000001511f       0x1c ./Core/Src/main.o
 .debug_macro   0x000000000001513b       0x16 ./Core/Src/main.o
 .debug_macro   0x0000000000015151      0x147 ./Core/Src/main.o
 .debug_macro   0x0000000000015298      0x1e7 ./Core/Src/stm32f4xx_hal_msp.o
 .debug_macro   0x000000000001547f      0x1f1 ./Core/Src/stm32f4xx_it.o
 .debug_macro   0x0000000000015670       0xff ./Core/Src/sysmem.o
 .debug_macro   0x000000000001576f      0x23c ./Core/Src/sysmem.o
 .debug_macro   0x00000000000159ab      0x1d8 ./Core/Src/system_stm32f4xx.o
 .debug_macro   0x0000000000015b83      0x238 ./Drivers/STM32F4xx_HAL_Driver/Src/stm32f4xx_hal.o
 .debug_macro   0x0000000000015dbb      0x1d8 ./Drivers/STM32F4xx_HAL_Driver/Src/stm32f4xx_hal_cortex.o
 .debug_macro   0x0000000000015f93      0x1de ./Drivers/STM32F4xx_HAL_Driver/Src/stm32f4xx_hal_gpio.o
 .debug_macro   0x0000000000016171      0x1fc ./Drivers/STM32F4xx_HAL_Driver/Src/stm32f4xx_hal_rcc.o
 .debug_macro   0x000000000001636d      0x1e7 ./Drivers/STM32F4xx_HAL_Driver/Src/stm32f4xx_hal_spi.o
 .debug_macro   0x0000000000016554      0x1d9 ./Drivers/STM32F4xx_HAL_Driver/Src/stm32f4xx_hal_tim.o
 .debug_macro   0x000000000001672d      0x1d8 ./Drivers/STM32F4xx_HAL_Driver/Src/stm32f4xx_hal_tim_ex.o
 .debug_macro   0x0000000000016905      0x1d9 ./Drivers/STM32F4xx_HAL_Driver/Src/stm32f4xx_hal_uart.o
 .debug_macro   0x0000000000016ade      0x30c ./FATFS/App/fatfs.o
 .debug_macro   0x0000000000016dea       0xe5 ./FATFS/App/fatfs.o
 .debug_macro   0x0000000000016ecf      0x33b ./FATFS/Target/user_diskio.o
 .debug_macro   0x000000000001720a       0x10 ./FATFS/Target/user_diskio.o
 .debug_macro   0x000000000001721a       0x16 ./FATFS/Target/user_diskio.o
 .debug_macro   0x0000000000017230       0x7c ./FATFS/Target/user_diskio.o
 .debug_macro   0x00000000000172ac       0x56 ./FATFS/Target/user_diskio.o
 .debug_macro   0x0000000000017302      0x3b3 ./FATFS/Target/user_diskio_spi.o
 .debug_macro   0x00000000000176b5       0xa0 ./FATFS/Target/user_diskio_spi.o
 .debug_macro   0x0000000000017755      0x2f9 ./Middlewares/Third_Party/FatFs/src/diskio.o
 .debug_macro   0x0000000000017a4e      0x700 ./Middlewares/Third_Party/FatFs/src/ff.o
 .debug_macro   0x000000000001814e       0x58 ./Middlewares/Third_Party/FatFs/src/ff.o
 .debug_macro   0x00000000000181a6      0x2f9 ./Middlewares/Third_Party/FatFs/src/ff_gen_drv.o

.debug_line     0x0000000000000000    0x15de7
 .debug_line    0x0000000000000000      0xf79 ./Core/Src/main.o
 .debug_line    0x0000000000000f79      0x834 ./Core/Src/stm32f4xx_hal_msp.o
 .debug_line    0x00000000000017ad      0x7f4 ./Core/Src/stm32f4xx_it.o
 .debug_line    0x0000000000001fa1      0x566 ./Core/Src/sysmem.o
 .debug_line    0x0000000000002507      0x7b3 ./Core/Src/system_stm32f4xx.o
 .debug_line    0x0000000000002cba       0x7a ./Core/Startup/startup_stm32f401retx.o
 .debug_line    0x0000000000002d34      0xa19 ./Drivers/STM32F4xx_HAL_Driver/Src/stm32f4xx_hal.o
 .debug_line    0x000000000000374d      0xcc8 ./Drivers/STM32F4xx_HAL_Driver/Src/stm32f4xx_hal_cortex.o
 .debug_line    0x0000000000004415      0xb51 ./Drivers/STM32F4xx_HAL_Driver/Src/stm32f4xx_hal_gpio.o
 .debug_line    0x0000000000004f66      0xd92 ./Drivers/STM32F4xx_HAL_Driver/Src/stm32f4xx_hal_rcc.o
 .debug_line    0x0000000000005cf8     0x1caa ./Drivers/STM32F4xx_HAL_Driver/Src/stm32f4xx_hal_spi.o
 .debug_line    0x00000000000079a2     0x34df ./Drivers/STM32F4xx_HAL_Driver/Src/stm32f4xx_hal_tim.o
 .debug_line    0x000000000000ae81     0x19b1 ./Drivers/STM32F4xx_HAL_Driver/Src/stm32f4xx_hal_tim_ex.o
 .debug_line    0x000000000000c832     0x2abb ./Drivers/STM32F4xx_HAL_Driver/Src/stm32f4xx_hal_uart.o
 .debug_line    0x000000000000f2ed      0x939 ./FATFS/App/fatfs.o
 .debug_line    0x000000000000fc26      0x9a4 ./FATFS/Target/user_diskio.o
 .debug_line    0x00000000000105ca     0x1014 ./FATFS/Target/user_diskio_spi.o
 .debug_line    0x00000000000115de      0x9a8 ./Middlewares/Third_Party/FatFs/src/diskio.o
 .debug_line    0x0000000000011f86     0x349b ./Middlewares/Third_Party/FatFs/src/ff.o
 .debug_line    0x0000000000015421      0x9c6 ./Middlewares/Third_Party/FatFs/src/ff_gen_drv.o

.debug_str      0x0000000000000000    0x90edf
 .debug_str     0x0000000000000000    0x8c2cc ./Core/Src/main.o
                                      0x8c692 (size before relaxing)
 .debug_str     0x000000000008c2cc       0xe2 ./Core/Src/stm32f4xx_hal_msp.o
                                      0x8803a (size before relaxing)
 .debug_str     0x000000000008c3ae       0xc9 ./Core/Src/stm32f4xx_it.o
                                      0x875c8 (size before relaxing)
 .debug_str     0x000000000008c477      0x4dc ./Core/Src/sysmem.o
                                       0x6042 (size before relaxing)
 .debug_str     0x000000000008c953       0xdb ./Core/Src/system_stm32f4xx.o
                                      0x874e7 (size before relaxing)
 .debug_str     0x000000000008ca2e       0x34 ./Core/Startup/startup_stm32f401retx.o
                                         0x54 (size before relaxing)
 .debug_str     0x000000000008ca62      0x987 ./Drivers/STM32F4xx_HAL_Driver/Src/stm32f4xx_hal.o
                                      0x87f09 (size before relaxing)
 .debug_str     0x000000000008d3e9      0x354 ./Drivers/STM32F4xx_HAL_Driver/Src/stm32f4xx_hal_cortex.o
                                      0x87c2a (size before relaxing)
 .debug_str     0x000000000008d73d      0x110 ./Drivers/STM32F4xx_HAL_Driver/Src/stm32f4xx_hal_gpio.o
                                      0x87662 (size before relaxing)
 .debug_str     0x000000000008d84d      0x233 ./Drivers/STM32F4xx_HAL_Driver/Src/stm32f4xx_hal_rcc.o
                                      0x8791b (size before relaxing)
 .debug_str     0x000000000008da80      0x59d ./Drivers/STM32F4xx_HAL_Driver/Src/stm32f4xx_hal_spi.o
                                      0x87d99 (size before relaxing)
 .debug_str     0x000000000008e01d      0xdd8 ./Drivers/STM32F4xx_HAL_Driver/Src/stm32f4xx_hal_tim.o
                                      0x8884f (size before relaxing)
 .debug_str     0x000000000008edf5      0x493 ./Drivers/STM32F4xx_HAL_Driver/Src/stm32f4xx_hal_tim_ex.o
                                      0x8806b (size before relaxing)
 .debug_str     0x000000000008f288      0x5e6 ./Drivers/STM32F4xx_HAL_Driver/Src/stm32f4xx_hal_uart.o
                                      0x87ea8 (size before relaxing)
 .debug_str     0x000000000008f86e       0xf1 ./FATFS/App/fatfs.o
                                      0x8aed8 (size before relaxing)
 .debug_str     0x000000000008f95f       0xcf ./FATFS/Target/user_diskio.o
                                      0x8aeba (size before relaxing)
 .debug_str     0x000000000008fa2e      0x3b7 ./FATFS/Target/user_diskio_spi.o
                                      0x8b686 (size before relaxing)
 .debug_str     0x000000000008fde5       0x52 ./Middlewares/Third_Party/FatFs/src/diskio.o
                                      0x8ade7 (size before relaxing)
 .debug_str     0x000000000008fe37     0x1017 ./Middlewares/Third_Party/FatFs/src/ff.o
                                      0x8c04a (size before relaxing)
 .debug_str     0x0000000000090e4e       0x91 ./Middlewares/Third_Party/FatFs/src/ff_gen_drv.o
                                      0x8ae38 (size before relaxing)

.debug_frame    0x0000000000000000     0x4ef0
 .debug_frame   0x0000000000000000      0x35c ./Core/Src/main.o
 .debug_frame   0x000000000000035c      0x138 ./Core/Src/stm32f4xx_hal_msp.o
 .debug_frame   0x0000000000000494      0x104 ./Core/Src/stm32f4xx_it.o
 .debug_frame   0x0000000000000598       0x34 ./Core/Src/sysmem.o
 .debug_frame   0x00000000000005cc       0x58 ./Core/Src/system_stm32f4xx.o
 .debug_frame   0x0000000000000624      0x374 ./Drivers/STM32F4xx_HAL_Driver/Src/stm32f4xx_hal.o
 .debug_frame   0x0000000000000998      0x498 ./Drivers/STM32F4xx_HAL_Driver/Src/stm32f4xx_hal_cortex.o
 .debug_frame   0x0000000000000e30      0x14c ./Drivers/STM32F4xx_HAL_Driver/Src/stm32f4xx_hal_gpio.o
 .debug_frame   0x0000000000000f7c      0x1f4 ./Drivers/STM32F4xx_HAL_Driver/Src/stm32f4xx_hal_rcc.o
 .debug_frame   0x0000000000001170      0x824 ./Drivers/STM32F4xx_HAL_Driver/Src/stm32f4xx_hal_spi.o
 .debug_frame   0x0000000000001994     0x11bc ./Drivers/STM32F4xx_HAL_Driver/Src/stm32f4xx_hal_tim.o
 .debug_frame   0x0000000000002b50      0x638 ./Drivers/STM32F4xx_HAL_Driver/Src/stm32f4xx_hal_tim_ex.o
 .debug_frame   0x0000000000003188      0x92c ./Drivers/STM32F4xx_HAL_Driver/Src/stm32f4xx_hal_uart.o
 .debug_frame   0x0000000000003ab4       0x4c ./FATFS/App/fatfs.o
 .debug_frame   0x0000000000003b00       0xc4 ./FATFS/Target/user_diskio.o
 .debug_frame   0x0000000000003bc4      0x248 ./FATFS/Target/user_diskio_spi.o
 .debug_frame   0x0000000000003e0c       0xec ./Middlewares/Third_Party/FatFs/src/diskio.o
 .debug_frame   0x0000000000003ef8      0x94c ./Middlewares/Third_Party/FatFs/src/ff.o
 .debug_frame   0x0000000000004844       0xc8 ./Middlewares/Third_Party/FatFs/src/ff_gen_drv.o
 .debug_frame   0x000000000000490c      0x144 C:/Users/steka/Desktop/Stuff/STM32CubeIDE_1.14.1/STM32CubeIDE/plugins/com.st.stm32cube.ide.mcu.externaltools.gnu-tools-for-stm32.11.3.rel1.win32_1.1.100.202309141235/tools/bin/../lib/gcc/arm-none-eabi/11.3.1/../../../../arm-none-eabi/lib/thumb/v7e-m+fp/hard\libc_nano.a(libc_a-findfp.o)
 .debug_frame   0x0000000000004a50       0x6c C:/Users/steka/Desktop/Stuff/STM32CubeIDE_1.14.1/STM32CubeIDE/plugins/com.st.stm32cube.ide.mcu.externaltools.gnu-tools-for-stm32.11.3.rel1.win32_1.1.100.202309141235/tools/bin/../lib/gcc/arm-none-eabi/11.3.1/../../../../arm-none-eabi/lib/thumb/v7e-m+fp/hard\libc_nano.a(libc_a-sprintf.o)
 .debug_frame   0x0000000000004abc       0x20 C:/Users/steka/Desktop/Stuff/STM32CubeIDE_1.14.1/STM32CubeIDE/plugins/com.st.stm32cube.ide.mcu.externaltools.gnu-tools-for-stm32.11.3.rel1.win32_1.1.100.202309141235/tools/bin/../lib/gcc/arm-none-eabi/11.3.1/../../../../arm-none-eabi/lib/thumb/v7e-m+fp/hard\libc_nano.a(libc_a-memset.o)