../Core/Src/main.c:86:6:I2C_Delay	16	static,ignoring_inline_asm
../Core/Src/main.c:91:6:SCL_nodelay	16	static
../Core/Src/main.c:95:6:SCL	16	static
../Core/Src/main.c:100:6:SDA_nodelay	16	static
../Core/Src/main.c:105:6:SDA	16	static
../Core/Src/main.c:110:6:I2C_Send_Byte	24	static
../Core/Src/main.c:125:6:I2C_Send_Short	16	static
../Core/Src/main.c:130:6:I2C_Init	16	static
../Core/Src/main.c:138:6:I2C_Start	8	static
../Core/Src/main.c:143:6:I2C_Write	16	static
../Core/Src/main.c:149:6:I2C_ACK	8	static
../Core/Src/main.c:157:6:I2C_NACK	8	static
../Core/Src/main.c:163:6:I2C_Restart	8	static
../Core/Src/main.c:170:6:I2C_Stop	8	static
../Core/Src/main.c:177:6:Serial_Send	24	static
../Core/Src/main.c:182:9:crc8	32	static
../Core/Src/main.c:201:14:I2C_Read	104	static
../Core/Src/main.c:261:6:Buzzer	24	static
../Core/Src/main.c:291:5:main	1264	static
../Core/Src/main.c:423:6:SystemClock_Config	88	static
../Core/Src/main.c:467:13:MX_SPI3_Init	8	static
../Core/Src/main.c:503:13:MX_TIM3_Init	48	static
../Core/Src/main.c:550:13:MX_USART2_UART_Init	8	static
../Core/Src/main.c:581:13:MX_GPIO_Init	48	static
../Core/Src/main.c:645:6:Error_Handler	4	static,ignoring_inline_asm
